-- west build: generating a build system
west : Loading Zephyr module(s) (Zephyr base): sysbuild_default
所在位置 行:1 字符: 178
+ ...  $env:PATH; west build -p always -b openearable_v2/nrf5340/cpuapp -d  ...
+                 ~~~~~~~~~~~~~~~~~~~~~~~~~~~~~~~~~~~~~~~~~~~~~~~~~~~~~~~~~
    + CategoryInfo          : NotSpecified: (Loading Zephyr ...ysbuild_default 
   :String) [], RemoteException
    + FullyQualifiedErrorId : NativeCommandError
 
-- Found Python3: C:/ncs/toolchains/0b393f9e1b/opt/bin/python.exe (found suitable version "3.12.4", minimum required is "3.10") found components: Interpreter 
-- Cache files will be written to: E:/zephyr/.cache
-- Found west (found suitable version "1.2.0", minimum required is "0.14.0")
-- Board: openearable_v2, qualifiers: nrf5340/cpuapp
Parsing E:/New_FirmIMU/Kconfig.sysbuild
Loaded configuration 'E:/New_FirmIMU/build/_sysbuild/empty.conf'
Merged configuration 'E:/New_FirmIMU/build/_sysbuild/empty.conf'
Configuration saved to 'E:/New_FirmIMU/build/zephyr/.config'
Kconfig header saved to 'E:/New_FirmIMU/build/_sysbuild/autoconf.h'
-- 
   *********************************
   * Running CMake for New_FirmIMU *
   *********************************

Loading Zephyr default modules (Zephyr base).
-- Application: E:/New_FirmIMU
-- CMake version: 3.21.0
-- Found Python3: C:/ncs/toolchains/0b393f9e1b/opt/bin/python.exe (found suitable version "3.12.4", minimum required is "3.10") found components: Interpreter 
-- Cache files will be written to: E:/zephyr/.cache
-- Zephyr version: 4.0.99 (E:/zephyr)
-- Found west (found suitable version "1.2.0", minimum required is "0.14.0")
-- Board: openearable_v2, qualifiers: nrf5340/cpuapp
-- ZEPHYR_TOOLCHAIN_VARIANT not set, trying to locate Zephyr SDK
-- Found host-tools: zephyr 0.17.0 (C:/ncs/toolchains/0b393f9e1b/opt/zephyr-sdk)
-- Found toolchain: zephyr 0.17.0 (C:/ncs/toolchains/0b393f9e1b/opt/zephyr-sdk)
-- Found Dtc: C:/ncs/toolchains/0b393f9e1b/opt/bin/dtc.exe (found suitable version "1.4.7", minimum required is "1.4.6") 
-- Found BOARD.dts: E:/New_FirmIMU/boards/teco/openearable_v2/openearable_v2_nrf5340_cpuapp.dts
node '/soc/peripheral@50000000/i2c@9000/adau1860@64' compatible 'analog,adau186
0' has unknown vendor prefix 'analog'
-- Generated zephyr.dts: E:/New_FirmIMU/build/New_FirmIMU/zephyr/zephyr.dts
-- Generated pickled edt: E:/New_FirmIMU/build/New_FirmIMU/zephyr/edt.pickle
-- Generated zephyr.dts: E:/New_FirmIMU/build/New_FirmIMU/zephyr/zephyr.dts
-- Generated devicetree_generated.h: E:/New_FirmIMU/build/New_FirmIMU/zephyr/include/generated/zephyr/devicetree_generated.h
-- Including generated dts.cmake file: E:/New_FirmIMU/build/New_FirmIMU/zephyr/dts.cmake

warning: PM (defined at E:/zephyr/soc/silabs\silabs_s2\efr32bg22\Kconfig.defcon
fig:10,
E:/zephyr/soc/silabs\silabs_s2\efr32mg21\Kconfig.defconfig:10,
E:/zephyr/soc/silabs\silabs_s2\efr32mg24\Kconfig.defconfig:10,
E:/zephyr/soc/silabs\silabs_s2\efr32zg23\Kconfig.defconfig:10,
E:/zephyr/soc/renesas/smartbond\da1469x\Kconfig.defconfig:39,
E:/zephyr/soc/realtek/ec\rts5912\Kconfig.defconfig.rts5912:10,
E:/zephyr/soc/nordic\nrf54h\Kconfig.defconfig.nrf54h20_cpurad:14, subsys/pm/Kco
nfig:13) was assigned
the value 'y' but got the value 'n'. Check these unsatisfied dependencies: (SOC
_SERIES_EFR32BG22 ||
SOC_SERIES_EFR32MG21 || SOC_SERIES_EFR32MG24 || SOC_SERIES_EFR32ZG23 || (SOC_SE
RIES_DA1469X &&
SOC_FAMILY_RENESAS_SMARTBOND) || (REALTEK_RTS5912_RTMR && SOC_RTS5912 && SOC_SE
RIES_RTS5912 &&
SOC_FAMILY_REALTEK_EC) || (SOC_NRF54H20_CPURAD && SOC_SERIES_NRF54HX && SOC_FAM
ILY_NORDIC_NRF) ||
(SYS_CLOCK_EXISTS && HAS_PM)) (=n). See http://docs.zephyrproject.org/latest/kc
onfig.html#CONFIG_PM
and/or look up PM in the menuconfig/guiconfig interface. The Application Develo
pment Primer, Setting
Configuration Values, and Kconfig - Tips and Best Practices sections of the man
ual might be helpful
too.


warning: BT_CTLR_DATA_LENGTH_MAX (defined at E:/nrf\samples\common\mcumgr_bt_ot
a_dfu/Kconfig:137,
E:/nrf\subsys\bluetooth\services\fast_pair/Kconfig.fast_pair:124,
subsys/bluetooth\controller/Kconfig:563) was assigned the value '251' but got t
he value ''. Check
these unsatisfied dependencies: (NCS_SAMPLE_MCUMGR_BT_OTA_DFU_SPEEDUP || (BT_FA
ST_PAIR_GATT_SERVICE
&& BT_FAST_PAIR && BT) || (BT_CTLR_DATA_LENGTH && BT_CONN && HAS_BT_CTLR && BT_
HCI && BT)) (=n). See
http://docs.zephyrproject.org/latest/kconfig.html#CONFIG_BT_CTLR_DATA_LENGTH_MA
X and/or look up
BT_CTLR_DATA_LENGTH_MAX in the menuconfig/guiconfig interface. The Application 
Development Primer,
Setting Configuration Values, and Kconfig - Tips and Best Practices sections of
 the manual might be
helpful too.


warning: CMSIS_DSP (defined at E:/zephyr/modules/cmsis-dsp/Kconfig:7, modules\c
msis-dsp\Kconfig:7)
was assigned the value 'n' but got the value 'y'. See
http://docs.zephyrproject.org/latest/kconfig.html#CONFIG_CMSIS_DSP and/or look 
up CMSIS_DSP in the
menuconfig/guiconfig interface. The Application Development Primer, Setting Con
figuration Values,
and Kconfig - Tips and Best Practices sections of the manual might be helpful t
oo.


warning: WDT_DISABLE_AT_BOOT (defined at drivers/watchdog/Kconfig:17) was assig
ned the value 'y' but
got the value 'n'. Check these unsatisfied dependencies: HAS_WDT_DISABLE_AT_BOO
T (=n), WATCHDOG
(=n). See http://docs.zephyrproject.org/latest/kconfig.html#CONFIG_WDT_DISABLE_
AT_BOOT and/or look
up WDT_DISABLE_AT_BOOT in the menuconfig/guiconfig interface. The Application D
evelopment Primer,
Setting Configuration Values, and Kconfig - Tips and Best Practices sections of
 the manual might be
helpful too.


warning: BT_CTLR_PHY_2M (defined at subsys/bluetooth\controller/Kconfig:669) wa
s assigned the value
'y' but got the value 'n'. Check these unsatisfied dependencies: (BT_CTLR_PHY |
| BT_CTLR_ADV_EXT)
(=n), BT_CTLR_PHY_2M_SUPPORT (=n), HAS_BT_CTLR (=n). See
http://docs.zephyrproject.org/latest/kconfig.html#CONFIG_BT_CTLR_PHY_2M and/or 
look up
BT_CTLR_PHY_2M in the menuconfig/guiconfig interface. The Application Developme
nt Primer, Setting
Configuration Values, and Kconfig - Tips and Best Practices sections of the man
ual might be helpful
too.


warning: Experimental symbol SFLOAT is enabled.

Parsing E:/New_FirmIMU/Kconfig
Loaded configuration 'E:/New_FirmIMU/boards/teco/openearable_v2/openearable_v2_nrf5340_cpuapp_defconfig'
Merged configuration 'E:/New_FirmIMU/prj.conf'
Merged configuration 'E:/New_FirmIMU/build/New_FirmIMU/zephyr/.config.sysbuild'
Configuration saved to 'E:/New_FirmIMU/build/New_FirmIMU/zephyr/.config'
Kconfig header saved to 'E:/New_FirmIMU/build/New_FirmIMU/zephyr/include/generated/zephyr/autoconf.h'
-- Found GnuLd: c:/ncs/toolchains/0b393f9e1b/opt/zephyr-sdk/arm-zephyr-eabi/arm-zephyr-eabi/bin/ld.bfd.exe (found version "2.38") 
-- The C compiler identification is GNU 12.2.0
-- The CXX compiler identification is GNU 12.2.0
-- The ASM compiler identification is GNU
-- Found assembler: C:/ncs/toolchains/0b393f9e1b/opt/zephyr-sdk/arm-zephyr-eabi/bin/arm-zephyr-eabi-gcc.exe
CMake Warning at E:/zephyr/subsys/usb/device/CMakeLists.txt:22 (message):
  CONFIG_USB_DEVICE_VID has default value 0x2FE3.

  This value is only for testing and MUST be configured for USB products.


=========== Generating psa_crypto_config ===============
Backup: CONFIG_MBEDTLS_PSA_CRYPTO_SPM: False
Backup: CONFIG_MBEDTLS_PSA_CRYPTO_C: True
Backup: CONFIG_MBEDTLS_PSA_CRYPTO_KEY_ID_ENCODES_OWNER: False
Backup: CONFIG_MBEDTLS_PLATFORM_SETUP_TEARDOWN_ALT: False
Backup: CONFIG_MBEDTLS_THREADING: False
Backup: CONFIG_MBEDTLS_THREADING_ALT: True
=========== Checkpoint: backup ===============
Restore: CONFIG_MBEDTLS_PSA_CRYPTO_SPM: False
Restore: CONFIG_MBEDTLS_PSA_CRYPTO_C: True
Restore: CONFIG_MBEDTLS_PSA_CRYPTO_KEY_ID_ENCODES_OWNER: False
Restore: CONFIG_MBEDTLS_PLATFORM_SETUP_TEARDOWN_ALT: False
Restore: CONFIG_MBEDTLS_THREADING: False
Restore: CONFIG_MBEDTLS_THREADING_ALT: True
=========== End psa_crypto_config ===============
=========== Generating psa_crypto_library_config ===============
Backup: CONFIG_MBEDTLS_PSA_CRYPTO_C: True
Backup: CONFIG_MBEDTLS_PSA_CRYPTO_KEY_ID_ENCODES_OWNER: False
Backup: CONFIG_MBEDTLS_PSA_CRYPTO_SPM: False
Backup: CONFIG_MBEDTLS_USE_PSA_CRYPTO: True
Backup: CONFIG_MBEDTLS_PLATFORM_PRINTF_ALT: False
Backup: CONFIG_MBEDTLS_THREADING: False
Backup: CONFIG_MBEDTLS_THREADING_ALT: True
=========== Checkpoint: backup ===============
Restore: CONFIG_MBEDTLS_PSA_CRYPTO_C: True
Restore: CONFIG_MBEDTLS_PSA_CRYPTO_KEY_ID_ENCODES_OWNER: False
Restore: CONFIG_MBEDTLS_PSA_CRYPTO_SPM: False
Restore: CONFIG_MBEDTLS_USE_PSA_CRYPTO: True
Restore: CONFIG_MBEDTLS_PLATFORM_PRINTF_ALT: False
Restore: CONFIG_MBEDTLS_THREADING: False
Restore: CONFIG_MBEDTLS_THREADING_ALT: True
=========== End psa_crypto_library_config ===============
-- libmetal version: 1.7.0 (E:/New_FirmIMU)
-- Build type:  
-- Host:    Windows/AMD64
-- Target:  Generic/arm
-- Machine: arm
-- Vendor: none
-- Looking for include file stdatomic.h
-- Looking for include file stdatomic.h - found
-- open-amp version: 1.7.0 (E:/modules/lib/open-amp/open-amp)
-- Host:    Windows/AMD64
-- Target:  Generic/arm
-- Machine: arm
-- C_FLAGS :  -Wall -Wextra
-- Looking for include file fcntl.h
-- Looking for include file fcntl.h - found
CMake Warning at E:/zephyr/kernel/CMakeLists.txt:171 (message):
  

          CONFIG_HEAP_MEM_POOL_SIZE is less than requested minimum:
            4096 < 7168
          Setting the system heap size to 7168


CMake Warning at E:/zephyr/CMakeLists.txt:2180 (message):
  __ASSERT() statements are globally ENABLED


-- Configuring done
-- Generating done
-- Build files have been written to: E:/New_FirmIMU/build/New_FirmIMU
-- 
   *******************************
   * Running CMake for ipc_radio *
   *******************************

Loading Zephyr default modules (Zephyr base).
-- Application: E:/nrf/applications/ipc_radio
-- CMake version: 3.21.0
-- Found Python3: C:/ncs/toolchains/0b393f9e1b/opt/bin/python.exe (found suitable version "3.12.4", minimum required is "3.10") found components: Interpreter 
-- Cache files will be written to: E:/zephyr/.cache
-- Zephyr version: 4.0.99 (E:/zephyr)
-- Found west (found suitable version "1.2.0", minimum required is "0.14.0")
-- Board: openearable_v2, qualifiers: nrf5340/cpunet
-- ZEPHYR_TOOLCHAIN_VARIANT not set, trying to locate Zephyr SDK
-- Found host-tools: zephyr 0.17.0 (C:/ncs/toolchains/0b393f9e1b/opt/zephyr-sdk)
-- Found toolchain: zephyr 0.17.0 (C:/ncs/toolchains/0b393f9e1b/opt/zephyr-sdk)
-- Found Dtc: C:/ncs/toolchains/0b393f9e1b/opt/bin/dtc.exe (found suitable version "1.4.7", minimum required is "1.4.6") 
-- Found BOARD.dts: E:/New_FirmIMU/boards/teco/openearable_v2/openearable_v2_nrf5340_cpunet.dts
-- Generated zephyr.dts: E:/New_FirmIMU/build/ipc_radio/zephyr/zephyr.dts
-- Generated pickled edt: E:/New_FirmIMU/build/ipc_radio/zephyr/edt.pickle
-- Generated zephyr.dts: E:/New_FirmIMU/build/ipc_radio/zephyr/zephyr.dts
-- Generated devicetree_generated.h: E:/New_FirmIMU/build/ipc_radio/zephyr/include/generated/zephyr/devicetree_generated.h
-- Including generated dts.cmake file: E:/New_FirmIMU/build/ipc_radio/zephyr/dts.cmake

warning: BT_L2CAP_DYNAMIC_CHANNEL (defined at E:/zephyr/subsys/bluetooth/host\K
config.l2cap:47,
subsys/bluetooth\host\Kconfig.l2cap:47) was assigned the value 'y' but got the 
value 'n'. Check
these unsatisfied dependencies: ((BT_SMP && BT_CONN && BT_HCI_HOST && BT_RPC_ST
ACK) || (BT_SMP &&
BT_CONN && BT_HCI_HOST && BT_HCI && BT)) (=n). See
http://docs.zephyrproject.org/latest/kconfig.html#CONFIG_BT_L2CAP_DYNAMIC_CHANN
EL and/or look up
BT_L2CAP_DYNAMIC_CHANNEL in the menuconfig/guiconfig interface. The Application
 Development Primer,
Setting Configuration Values, and Kconfig - Tips and Best Practices sections of
 the manual might be
helpful too.


warning: BT_ATT_PREPARE_COUNT (defined at E:/zephyr/subsys/bluetooth/host\Kconf
ig.gatt:25,
subsys/bluetooth\host\Kconfig.gatt:25) was assigned the value '2' but got the v
alue ''. Check these
unsatisfied dependencies: ((BT_CONN && BT_HCI_HOST && BT_RPC_STACK) || (BT_CONN
 && BT_HCI_HOST &&
BT_HCI && BT)) (=n). See
http://docs.zephyrproject.org/latest/kconfig.html#CONFIG_BT_ATT_PREPARE_COUNT a
nd/or look up
BT_ATT_PREPARE_COUNT in the menuconfig/guiconfig interface. The Application Dev
elopment Primer,
Setting Configuration Values, and Kconfig - Tips and Best Practices sections of
 the manual might be
helpful too.


warning: BT_CTLR_RX_BUFFERS (defined at subsys/bluetooth\controller/Kconfig:234
) was assigned the
value '4' but got the value ''. Check these unsatisfied dependencies: BT_LL_SW_
SPLIT (=n). See
http://docs.zephyrproject.org/latest/kconfig.html#CONFIG_BT_CTLR_RX_BUFFERS and
/or look up
BT_CTLR_RX_BUFFERS in the menuconfig/guiconfig interface. The Application Devel
opment Primer,
Setting Configuration Values, and Kconfig - Tips and Best Practices sections of
 the manual might be
helpful too.

Parsing E:/nrf/applications/ipc_radio/Kconfig
Loaded configuration 'E:/New_FirmIMU/boards/teco/openearable_v2/openearable_v2_nrf5340_cpunet_defconfig'
Merged configuration 'E:/New_FirmIMU/sysbuild/ipc_radio/prj.conf'
Merged configuration 'E:/New_FirmIMU/build/ipc_radio/zephyr/.config.sysbuild'
Configuration saved to 'E:/New_FirmIMU/build/ipc_radio/zephyr/.config'
Kconfig header saved to 'E:/New_FirmIMU/build/ipc_radio/zephyr/include/generated/zephyr/autoconf.h'
-- Found GnuLd: c:/ncs/toolchains/0b393f9e1b/opt/zephyr-sdk/arm-zephyr-eabi/arm-zephyr-eabi/bin/ld.bfd.exe (found version "2.38") 
-- The C compiler identification is GNU 12.2.0
-- The CXX compiler identification is GNU 12.2.0
-- The ASM compiler identification is GNU
-- Found assembler: C:/ncs/toolchains/0b393f9e1b/opt/zephyr-sdk/arm-zephyr-eabi/bin/arm-zephyr-eabi-gcc.exe
-- libmetal version: 1.7.0 (E:/nrf/applications/ipc_radio)
-- Build type:  
-- Host:    Windows/AMD64
-- Target:  Generic/arm
-- Machine: arm
-- Vendor: none
-- Looking for include file stdatomic.h
-- Looking for include file stdatomic.h - found
-- open-amp version: 1.7.0 (E:/modules/lib/open-amp/open-amp)
-- Host:    Windows/AMD64
-- Target:  Generic/arm
-- Machine: arm
-- C_FLAGS :  -Wall -Wextra
-- Looking for include file fcntl.h
-- Looking for include file fcntl.h - found
CMake Warning at E:/zephyr/CMakeLists.txt:1002 (message):
  No SOURCES given to Zephyr library: drivers__gpio

  Excluding target from build.


-- Configuring done
-- Generating done
-- Build files have been written to: E:/New_FirmIMU/build/ipc_radio
-- Configuring done
-- Generating done
-- Build files have been written to: E:/New_FirmIMU/build
-- west build: building application
[1/20] Creating directories for 'New_FirmIMU'
[2/20] Creating directories for 'ipc_radio'
[3/20] No download step for 'New_FirmIMU'
[4/20] No download step for 'ipc_radio'
[5/20] No update step for 'New_FirmIMU'
[6/20] No update step for 'ipc_radio'
[7/20] No patch step for 'New_FirmIMU'
[8/20] No patch step for 'ipc_radio'
[9/20] No configure step for 'New_FirmIMU'
[9/20] Performing build step for 'New_FirmIMU'
[1/549] Generating include/generated/zephyr/app_version.h
[2/549] Generating ../../zephyr/include/generated/ncs_commit.h
[3/549] Generating ../../zephyr/include/generated/ncs_version.h
[4/549] Generating ../../zephyr/include/generated/zephyr_commit.h
[5/549] Generating ../../zephyr/include/generated/app_commit.h
[6/549] Generating include/generated/zephyr/version.h
-- Zephyr version: 4.0.99 (E:/zephyr), build: v4.0.99-ncs1-1
[7/549] Generating misc/generated/syscalls.json, misc/generated/struct_tags.json
[8/549] Generating include/generated/device-api-sections.ld, include/generated/device-api-sections.cmake
[9/549] Generating include/generated/zephyr/driver-validation.h
[10/549] Generating include/generated/zephyr/kobj-types-enum.h, include/generated/zephyr/otype-to-str.h, include/generated/zephyr/otype-to-size.h
[11/549] Generating include/generated/zephyr/syscall_dispatch.c, include/generated/zephyr/syscall_exports_llext.c, syscall_weakdefs_llext.c, include/generated/zephyr/syscall_list.h
[12/549] Building C object modules/nrf/subsys/nrf_security/src/CMakeFiles/mbedcrypto.dir/E_/modules/crypto/mbedtls/library/pem.c.obj
[13/549] Building C object modules/nrf/subsys/nrf_security/src/CMakeFiles/mbedcrypto.dir/E_/modules/crypto/mbedtls/library/pkcs5.c.obj
[14/549] Building C object modules/nrf/subsys/nrf_security/src/CMakeFiles/mbedcrypto.dir/E_/modules/crypto/mbedtls/library/pkcs12.c.obj
[15/549] Building C object modules/nrf/subsys/nrf_security/src/drivers/nrf_oberon/CMakeFiles/oberon_psa_driver.dir/E_/modules/crypto/oberon-psa-crypto/oberon/drivers/oberon_hash.c.obj
[16/549] Building C object modules/nrf/subsys/nrf_security/src/CMakeFiles/mbedcrypto.dir/E_/modules/crypto/mbedtls/library/md.c.obj
[17/549] Building C object modules/nrf/subsys/nrf_security/src/drivers/nrf_oberon/CMakeFiles/oberon_psa_driver.dir/E_/modules/crypto/oberon-psa-crypto/oberon/drivers/oberon_key_management.c.obj
[18/549] Building C object modules/nrf/subsys/nrf_security/src/CMakeFiles/mbedcrypto.dir/E_/modules/crypto/mbedtls/library/pk_wrap.c.obj
[19/549] Building C object modules/nrf/subsys/nrf_security/src/CMakeFiles/mbedcrypto.dir/E_/modules/crypto/mbedtls/library/cipher.c.obj
[20/549] Building C object modules/nrf/subsys/nrf_security/src/CMakeFiles/mbedcrypto_base.dir/E_/modules/crypto/mbedtls/library/bignum.c.obj
[21/549] Building C object modules/nrf/subsys/nrf_security/src/drivers/nrf_oberon/CMakeFiles/oberon_psa_driver.dir/E_/modules/crypto/oberon-psa-crypto/oberon/drivers/oberon_cipher.c.obj
[22/549] Building C object modules/nrf/subsys/nrf_security/src/CMakeFiles/mbedcrypto.dir/E_/modules/crypto/mbedtls/library/pkparse.c.obj
[23/549] Building C object modules/nrf/subsys/nrf_security/src/CMakeFiles/mbedcrypto.dir/E_/modules/crypto/mbedtls/library/dhm.c.obj
[24/549] Building C object modules/nrf/subsys/nrf_security/src/CMakeFiles/mbedcrypto_base.dir/E_/modules/crypto/mbedtls/library/nist_kw.c.obj
[25/549] Building C object modules/nrf/subsys/nrf_security/src/CMakeFiles/mbedcrypto.dir/E_/modules/crypto/mbedtls/library/pkwrite.c.obj
[26/549] Building C object modules/nrf/subsys/nrf_security/src/drivers/nrf_oberon/CMakeFiles/oberon_psa_driver.dir/E_/modules/crypto/oberon-psa-crypto/oberon/drivers/oberon_key_agreement.c.obj
[27/549] Building C object modules/nrf/subsys/nrf_security/src/drivers/nrf_oberon/CMakeFiles/oberon_psa_driver.dir/E_/modules/crypto/oberon-psa-crypto/oberon/drivers/oberon_rsa.c.obj
[28/549] Building C object modules/nrf/subsys/nrf_security/src/CMakeFiles/mbedcrypto.dir/E_/modules/crypto/mbedtls/library/cipher_wrap.c.obj
[29/549] Building C object modules/nrf/subsys/nrf_security/src/CMakeFiles/mbedcrypto_base.dir/E_/modules/crypto/mbedtls/library/padlock.c.obj
[30/549] Building C object modules/nrf/subsys/nrf_security/src/CMakeFiles/mbedcrypto.dir/E_/modules/crypto/oberon-psa-crypto/programs/ssl/library/pk.c.obj
[31/549] Building C object modules/nrf/subsys/nrf_security/src/drivers/nrf_oberon/CMakeFiles/oberon_psa_driver.dir/E_/modules/crypto/oberon-psa-crypto/oberon/drivers/oberon_mac.c.obj
[32/549] Building C object modules/nrf/subsys/nrf_security/src/CMakeFiles/mbedcrypto_base.dir/E_/modules/crypto/mbedtls/library/bignum_core.c.obj
[33/549] Building C object modules/nrf/subsys/nrf_security/src/drivers/nrf_oberon/CMakeFiles/oberon_psa_driver.dir/E_/modules/crypto/oberon-psa-crypto/oberon/drivers/oberon_srp.c.obj
[34/549] Building C object modules/nrf/subsys/nrf_security/src/CMakeFiles/mbedcrypto.dir/E_/modules/crypto/mbedtls/library/psa_util.c.obj
[35/549] Building C object modules/nrf/subsys/nrf_security/src/drivers/nrf_oberon/CMakeFiles/oberon_psa_driver.dir/E_/modules/crypto/oberon-psa-crypto/oberon/drivers/oberon_wpa3_sae.c.obj
[36/549] Building C object modules/nrf/subsys/nrf_security/src/CMakeFiles/mbedcrypto.dir/E_/modules/crypto/mbedtls/library/pk_ecc.c.obj
[37/549] Building C object modules/nrf/subsys/nrf_security/src/CMakeFiles/mbedcrypto.dir/E_/modules/crypto/mbedtls/library/memory_buffer_alloc.c.obj
[38/549] Building C object zephyr/CMakeFiles/offsets.dir/arch/arm/core/offsets/offsets.c.obj
[39/549] Building C object modules/nrf/subsys/nrf_security/src/CMakeFiles/mbedcrypto_base.dir/E_/modules/crypto/mbedtls/library/base64.c.obj
[40/549] Building C object modules/nrf/subsys/nrf_security/src/CMakeFiles/mbedcrypto_base.dir/E_/modules/crypto/mbedtls/library/block_cipher.c.obj
[41/549] Building C object modules/nrf/subsys/nrf_security/src/CMakeFiles/mbedcrypto_base.dir/E_/modules/crypto/mbedtls/library/asn1write.c.obj
[42/549] Building C object modules/nrf/subsys/nrf_security/src/CMakeFiles/mbedcrypto_base.dir/E_/modules/crypto/mbedtls/library/asn1parse.c.obj
[43/549] Building C object modules/nrf/subsys/nrf_security/src/CMakeFiles/mbedcrypto_base.dir/E_/modules/crypto/mbedtls/library/version.c.obj
[44/549] Building C object modules/nrf/subsys/nrf_security/src/CMakeFiles/mbedcrypto_base.dir/E_/modules/crypto/mbedtls/library/constant_time.c.obj
[45/549] Building C object modules/nrf/subsys/nrf_security/src/core/nrf_oberon/CMakeFiles/oberon_psa_core.dir/E_/modules/crypto/oberon-psa-crypto/library/psa_crypto_storage.c.obj
[46/549] Building C object modules/nrf/subsys/nrf_security/src/CMakeFiles/mbedcrypto_base.dir/E_/modules/crypto/mbedtls/library/oid.c.obj
[47/549] Building C object modules/nrf/subsys/nrf_security/src/CMakeFiles/nrf_security_utils.dir/utils/nrf_security_mutexes.c.obj
[48/549] Building C object modules/nrf/subsys/nrf_security/src/core/nrf_oberon/CMakeFiles/oberon_psa_core.dir/E_/modules/crypto/oberon-psa-crypto/library/platform_util.c.obj
[49/549] Building C object modules/nrf/subsys/nrf_security/src/core/nrf_oberon/CMakeFiles/oberon_psa_core.dir/E_/modules/crypto/oberon-psa-crypto/library/psa_crypto_client.c.obj
[50/549] Building C object modules/nrf/subsys/nrf_security/src/CMakeFiles/nrf_security_utils.dir/utils/nrf_security_events.c.obj
[51/549] Building C object modules/nrf/subsys/nrf_security/src/core/nrf_oberon/CMakeFiles/oberon_psa_core.dir/E_/modules/crypto/oberon-psa-crypto/library/platform.c.obj
[52/549] Building C object modules/nrf/subsys/nrf_security/src/drivers/nrf_oberon/CMakeFiles/oberon_psa_driver.dir/E_/modules/crypto/oberon-psa-crypto/oberon/drivers/oberon_helpers.c.obj
[53/549] Building C object modules/nrf/subsys/nrf_security/src/drivers/nrf_oberon/CMakeFiles/oberon_psa_driver.dir/E_/modules/crypto/oberon-psa-crypto/oberon/drivers/oberon_ecdsa.c.obj
[54/549] Building C object modules/nrf/subsys/nrf_security/src/drivers/nrf_oberon/CMakeFiles/oberon_psa_driver.dir/E_/modules/crypto/oberon-psa-crypto/oberon/drivers/oberon_ecdh.c.obj
[55/549] Building C object modules/nrf/subsys/nrf_security/src/drivers/nrf_oberon/CMakeFiles/oberon_psa_driver.dir/E_/modules/crypto/oberon-psa-crypto/oberon/drivers/oberon_ec_keys.c.obj
[56/549] Building C object modules/nrf/subsys/nrf_security/src/core/nrf_oberon/CMakeFiles/oberon_psa_core.dir/E_/modules/crypto/oberon-psa-crypto/library/psa_crypto_slot_management.c.obj
[57/549] Building C object modules/nrf/subsys/nrf_security/src/drivers/nrf_oberon/CMakeFiles/oberon_psa_driver.dir/E_/modules/crypto/oberon-psa-crypto/oberon/drivers/oberon_jpake.c.obj
[58/549] Linking C static library modules\nrf\subsys\nrf_security\src\libnrf_security_utils.a
[59/549] Building C object modules/nrf/subsys/nrf_security/src/drivers/nrf_oberon/CMakeFiles/oberon_psa_driver.dir/E_/modules/crypto/oberon-psa-crypto/oberon/drivers/oberon_spake2p.c.obj
[60/549] Building C object modules/nrf/subsys/nrf_security/src/core/nrf_oberon/CMakeFiles/oberon_psa_core.dir/E_/nrf/subsys/nrf_security/src/psa_crypto_driver_wrappers.c.obj
[61/549] Linking C static library modules\nrf\subsys\nrf_security\src\libmbedcrypto_base.a
[62/549] Linking C static library modules\nrf\subsys\nrf_security\src\drivers\nrf_oberon\liboberon_psa_driver.a
[63/549] Building C object modules/nrf/subsys/nrf_security/src/core/nrf_oberon/CMakeFiles/oberon_psa_core.dir/E_/modules/crypto/oberon-psa-crypto/library/psa_crypto.c.obj
[64/549] Linking C static library modules\nrf\subsys\nrf_security\src\core\nrf_oberon\liboberon_psa_core.a
[65/549] Linking C static library modules\nrf\subsys\nrf_security\src\libmbedcrypto.a
[66/549] Generating include/generated/zephyr/offsets.h
[67/549] Building C object CMakeFiles/app.dir/src/SensorManager/BMA580/bma580.c.obj
[68/549] Building C object CMakeFiles/app.dir/src/SensorManager/BMA580/bma580_features.c.obj
[69/549] Building C object CMakeFiles/app.dir/src/SensorManager/BMA580/bma5.c.obj
E:/New_FirmIMU/src/SensorManager/BMA580/bma5.c: In function 'unpack_accel_sensor_time_16_bit_data':
E:/New_FirmIMU/src/SensorManager/BMA580/bma5.c:1930:12: warning: suggest explicit braces to avoid ambiguous 'else' [-Wdangling-else]
 1930 |         if (frame_header & BMA5_FIFO_ACC_X_MSK)
      |            ^
[70/549] Building C object CMakeFiles/app.dir/src/utils/channel_assignment.c.obj
[71/549] Building C object CMakeFiles/app.dir/src/bluetooth/gatt_services/device_info.c.obj
E:/New_FirmIMU/src/bluetooth/gatt_services/device_info.c: In function 'read_device_identifier':
E:/New_FirmIMU/src/bluetooth/gatt_services/device_info.c:20:9: warning: implicit declaration of function 'snprintf' [-Wimplicit-function-declaration]
   20 |         snprintf(device_identifier, sizeof(device_identifier), "0x%08X", oe_boot_state.device_id);
      |         ^~~~~~~~
E:/New_FirmIMU/src/bluetooth/gatt_services/device_info.c:9:1: note: include '<stdio.h>' or provide a declaration of 'snprintf'
    8 | #include "../../utils/uicr.h"
  +++ |+#include <stdio.h>
    9 | 
E:/New_FirmIMU/src/bluetooth/gatt_services/device_info.c:20:9: warning: incompatible implicit declaration of built-in function 'snprintf' [-Wbuiltin-declaration-mismatch]
   20 |         snprintf(device_identifier, sizeof(device_identifier), "0x%08X", oe_boot_state.device_id);
      |         ^~~~~~~~
E:/New_FirmIMU/src/bluetooth/gatt_services/device_info.c:20:9: note: include '<stdio.h>' or provide a declaration of 'snprintf'
E:/New_FirmIMU/src/bluetooth/gatt_services/device_info.c:20:70: warning: format '%X' expects argument of type 'unsigned int', but argument 4 has type 'uint64_t' {aka 'long long unsigned int'} [-Wformat=]
   20 |         snprintf(device_identifier, sizeof(device_identifier), "0x%08X", oe_boot_state.device_id);
      |                                                                   ~~~^   ~~~~~~~~~~~~~~~~~~~~~~~
      |                                                                      |                |
      |                                                                      unsigned int     uint64_t {aka long long unsigned int}
      |                                                                   %08llX
[72/549] Building CXX object CMakeFiles/app.dir/src/buttons/button_pressed.cpp.obj
[73/549] Building C object CMakeFiles/app.dir/src/bluetooth/gatt_services/button_service.c.obj
[74/549] Building C object CMakeFiles/app.dir/src/bluetooth/bt_management/scanning/bt_mgmt_scan.c.obj
[75/549] Building C object CMakeFiles/app.dir/src/utils/uicr.c.obj
[76/549] Building C object CMakeFiles/app.dir/src/utils/openearable.c.obj
[77/549] Building C object CMakeFiles/app.dir/src/buttons/button_manager.c.obj
[78/549] Building C object CMakeFiles/app.dir/src/modules/hw_codec_stub.c.obj
[79/549] Building C object CMakeFiles/app.dir/src/utils/error_handler.c.obj
[80/549] Building CXX object CMakeFiles/app.dir/src/SensorManager/EdgeMLSensor.cpp.obj
[81/549] Building CXX object CMakeFiles/app.dir/src/ParseInfo/SensorComponent.cpp.obj
[82/549] Building C object CMakeFiles/app.dir/src/SensorManager/BMP388/bmp3.c.obj
E:/New_FirmIMU/src/SensorManager/BMP388/bmp3.c: In function 'compensate_pressure':
E:/New_FirmIMU/src/SensorManager/BMP388/bmp3.c:2380:50: warning: implicit conversion from 'float' to 'double' to match other operand of binary expression [-Wdouble-promotion]
 2380 |     partial_data2 = quantized_calib_data->par_p7 * pow_bmp3(quantized_calib_data->t_lin, 2);
      |                                                  ^
E:/New_FirmIMU/src/SensorManager/BMP388/bmp3.c:2381:50: warning: implicit conversion from 'float' to 'double' to match other operand of binary expression [-Wdouble-promotion]
 2381 |     partial_data3 = quantized_calib_data->par_p8 * pow_bmp3(quantized_calib_data->t_lin, 3);
      |                                                  ^
E:/New_FirmIMU/src/SensorManager/BMP388/bmp3.c:2384:50: warning: implicit conversion from 'float' to 'double' to match other operand of binary expression [-Wdouble-promotion]
 2384 |     partial_data2 = quantized_calib_data->par_p3 * pow_bmp3(quantized_calib_data->t_lin, 2);
      |                                                  ^
E:/New_FirmIMU/src/SensorManager/BMP388/bmp3.c:2385:50: warning: implicit conversion from 'float' to 'double' to match other operand of binary expression [-Wdouble-promotion]
 2385 |     partial_data3 = quantized_calib_data->par_p4 * pow_bmp3(quantized_calib_data->t_lin, 3);
      |                                                  ^
E:/New_FirmIMU/src/SensorManager/BMP388/bmp3.c:2391:80: warning: implicit conversion from 'float' to 'double' to match other operand of binary expression [-Wdouble-promotion]
 2391 |     partial_data4 = partial_data3 + pow_bmp3((double)uncomp_data->pressure, 3) * quantized_calib_data->par_p11;
      |                                                                                ^
[83/549] Building CXX object CMakeFiles/app.dir/src/SensorManager/BMX160/DFRobot_BMX160.cpp.obj
[84/549] Building C object zephyr/CMakeFiles/zephyr.dir/lib/crc/crc32c_sw.c.obj
[85/549] Building CXX object CMakeFiles/app.dir/src/SensorManager/IMU.cpp.obj
In file included from E:/zephyr/include/zephyr/kernel_includes.h:38,
                 from E:/zephyr/include/zephyr/kernel.h:17,
                 from E:/New_FirmIMU/src/SensorManager/EdgeMLSensor.h:4,
                 from E:/New_FirmIMU/src/SensorManager/IMU.h:4,
                 from E:/New_FirmIMU/src/SensorManager/IMU.cpp:1:
E:/New_FirmIMU/src/SensorManager/IMU.cpp: In member function 'virtual void IMU::start(int)':
E:/New_FirmIMU/src/SensorManager/IMU.cpp:105:30: warning: implicit conversion from 'float' to 'double' to match other operand of binary expression [-Wdouble-promotion]
  105 |   k_timeout_t t = K_USEC(1e6 / sample_rates.true_sample_rates[sample_rate_idx]);
      |                          ~~~~^~~~~~~~~~~~~~~~~~~~~~~~~~~~~~~~~~~~~~~~~~~~~~~~~
E:/zephyr/include/zephyr/sys_clock.h:120:46: note: in definition of macro 'Z_TIMEOUT_TICKS'
  120 | #define Z_TIMEOUT_TICKS(t) ((k_timeout_t) { (t) })
      |                                              ^
E:/zephyr/include/zephyr/sys/time_units.h:216:10: note: in expansion of macro 'z_tmcvt_gen_64_fast'
  216 |          z_tmcvt_gen_64_fast(__t, __from_hz, __to_hz, __round_up, __round_off) : \
      |          ^~~~~~~~~~~~~~~~~~~
E:/zephyr/include/zephyr/sys/time_units.h:251:18: note: in expansion of macro 'z_tmcvt_gen_64'
  251 |                  z_tmcvt_gen_64(__t, __from_hz, __to_hz, __round_up, __round_off) \
      |                  ^~~~~~~~~~~~~~
E:/zephyr/include/zephyr/sys/time_units.h:918:9: note: in expansion of macro 'z_tmcvt_64'
  918 |         z_tmcvt_64(t, Z_HZ_us, Z_HZ_ticks, true, true, false)
      |         ^~~~~~~~~~
E:/zephyr/include/zephyr/sys_clock.h:128:53: note: in expansion of macro 'k_us_to_ticks_ceil64'
  128 | # define Z_TIMEOUT_US(t) Z_TIMEOUT_TICKS((k_ticks_t)k_us_to_ticks_ceil64(MAX(t, 0)))
      |                                                     ^~~~~~~~~~~~~~~~~~~~
E:/zephyr/include/zephyr/sys_clock.h:128:74: note: in expansion of macro 'MAX'
  128 | # define Z_TIMEOUT_US(t) Z_TIMEOUT_TICKS((k_ticks_t)k_us_to_ticks_ceil64(MAX(t, 0)))
      |                                                                          ^~~
E:/zephyr/include/zephyr/kernel.h:1384:23: note: in expansion of macro 'Z_TIMEOUT_US'
 1384 | #define K_USEC(t)     Z_TIMEOUT_US(t)
      |                       ^~~~~~~~~~~~
E:/New_FirmIMU/src/SensorManager/IMU.cpp:105:19: note: in expansion of macro 'K_USEC'
  105 |   k_timeout_t t = K_USEC(1e6 / sample_rates.true_sample_rates[sample_rate_idx]);
      |                   ^~~~~~
E:/New_FirmIMU/src/SensorManager/IMU.cpp:105:30: warning: implicit conversion from 'float' to 'double' to match other operand of binary expression [-Wdouble-promotion]
  105 |   k_timeout_t t = K_USEC(1e6 / sample_rates.true_sample_rates[sample_rate_idx]);
      |                          ~~~~^~~~~~~~~~~~~~~~~~~~~~~~~~~~~~~~~~~~~~~~~~~~~~~~~
E:/zephyr/include/zephyr/sys_clock.h:120:46: note: in definition of macro 'Z_TIMEOUT_TICKS'
  120 | #define Z_TIMEOUT_TICKS(t) ((k_timeout_t) { (t) })
      |                                              ^
E:/zephyr/include/zephyr/sys/time_units.h:216:10: note: in expansion of macro 'z_tmcvt_gen_64_fast'
  216 |          z_tmcvt_gen_64_fast(__t, __from_hz, __to_hz, __round_up, __round_off) : \
      |          ^~~~~~~~~~~~~~~~~~~
E:/zephyr/include/zephyr/sys/time_units.h:251:18: note: in expansion of macro 'z_tmcvt_gen_64'
  251 |                  z_tmcvt_gen_64(__t, __from_hz, __to_hz, __round_up, __round_off) \
      |                  ^~~~~~~~~~~~~~
E:/zephyr/include/zephyr/sys/time_units.h:918:9: note: in expansion of macro 'z_tmcvt_64'
  918 |         z_tmcvt_64(t, Z_HZ_us, Z_HZ_ticks, true, true, false)
      |         ^~~~~~~~~~
E:/zephyr/include/zephyr/sys_clock.h:128:53: note: in expansion of macro 'k_us_to_ticks_ceil64'
  128 | # define Z_TIMEOUT_US(t) Z_TIMEOUT_TICKS((k_ticks_t)k_us_to_ticks_ceil64(MAX(t, 0)))
      |                                                     ^~~~~~~~~~~~~~~~~~~~
E:/zephyr/include/zephyr/sys_clock.h:128:74: note: in expansion of macro 'MAX'
  128 | # define Z_TIMEOUT_US(t) Z_TIMEOUT_TICKS((k_ticks_t)k_us_to_ticks_ceil64(MAX(t, 0)))
      |                                                                          ^~~
E:/zephyr/include/zephyr/kernel.h:1384:23: note: in expansion of macro 'Z_TIMEOUT_US'
 1384 | #define K_USEC(t)     Z_TIMEOUT_US(t)
      |                       ^~~~~~~~~~~~
E:/New_FirmIMU/src/SensorManager/IMU.cpp:105:19: note: in expansion of macro 'K_USEC'
  105 |   k_timeout_t t = K_USEC(1e6 / sample_rates.true_sample_rates[sample_rate_idx]);
      |                   ^~~~~~
[86/549] Building C object zephyr/CMakeFiles/zephyr.dir/lib/crc/crc24_sw.c.obj
[87/549] Building CXX object CMakeFiles/app.dir/src/SensorManager/MAXM86161/MAXM86161.cpp.obj
[88/549] Building C object zephyr/CMakeFiles/zephyr.dir/lib/crc/crc8_sw.c.obj
[89/549] Building CXX object CMakeFiles/app.dir/src/drivers/LED_Controller/KTD2026.cpp.obj
E:/New_FirmIMU/src/drivers/LED_Controller/KTD2026.cpp: In member function 'void KTD2026::begin()':
E:/New_FirmIMU/src/drivers/LED_Controller/KTD2026.cpp:34:7: warning: unused variable 'ret' [-Wunused-variable]
   34 |   int ret;
      |       ^~~
[90/549] Building C object zephyr/CMakeFiles/zephyr.dir/lib/crc/crc7_sw.c.obj
[91/549] Building C object zephyr/CMakeFiles/zephyr.dir/lib/crc/crc32_sw.c.obj
[92/549] Building CXX object CMakeFiles/app.dir/src/bluetooth/gatt_services/battery_service.cpp.obj
In file included from E:/New_FirmIMU/src/bluetooth/gatt_services/battery_service.cpp:9:
E:/New_FirmIMU/src/utils/macros/macros_custom.h:18:42: warning: backslash and newline separated by space
   18 | static void write_ ## name ## _gatt(void)\
      |                                           
[93/549] Building CXX object CMakeFiles/app.dir/src/SensorManager/BMA580/BMA580_Sensor.cpp.obj
[94/549] Building C object zephyr/CMakeFiles/zephyr.dir/lib/crc/crc16_sw.c.obj
[95/549] Building CXX object CMakeFiles/app.dir/src/SensorManager/Baro.cpp.obj
E:/New_FirmIMU/src/SensorManager/Baro.cpp: In static member function 'static void Baro::update_sensor(k_work*)':
E:/New_FirmIMU/src/SensorManager/Baro.cpp:45:24: warning: narrowing conversion of 'Baro::bmp.Adafruit_BMP3XX::temperature' from 'double' to 'float' [-Wnarrowing]
   45 |   float data[2] = {bmp.temperature, bmp.pressure};
      |                    ~~~~^~~~~~~~~~~
E:/New_FirmIMU/src/SensorManager/Baro.cpp:45:41: warning: narrowing conversion of 'Baro::bmp.Adafruit_BMP3XX::pressure' from 'double' to 'float' [-Wnarrowing]
   45 |   float data[2] = {bmp.temperature, bmp.pressure};
      |                                     ~~~~^~~~~~~~
In file included from E:/zephyr/include/zephyr/kernel_includes.h:38,
                 from E:/zephyr/include/zephyr/kernel.h:17,
                 from E:/New_FirmIMU/src/SensorManager/EdgeMLSensor.h:4,
                 from E:/New_FirmIMU/src/SensorManager/Baro.h:4,
                 from E:/New_FirmIMU/src/SensorManager/Baro.cpp:1:
E:/New_FirmIMU/src/SensorManager/Baro.cpp: In member function 'virtual void Baro::start(int)':
E:/New_FirmIMU/src/SensorManager/Baro.cpp:82:30: warning: implicit conversion from 'float' to 'double' to match other operand of binary expression [-Wdouble-promotion]
   82 |   k_timeout_t t = K_USEC(1e6 / sample_rates.true_sample_rates[sample_rate_idx]);
      |                          ~~~~^~~~~~~~~~~~~~~~~~~~~~~~~~~~~~~~~~~~~~~~~~~~~~~~~
E:/zephyr/include/zephyr/sys_clock.h:120:46: note: in definition of macro 'Z_TIMEOUT_TICKS'
  120 | #define Z_TIMEOUT_TICKS(t) ((k_timeout_t) { (t) })
      |                                              ^
E:/zephyr/include/zephyr/sys/time_units.h:216:10: note: in expansion of macro 'z_tmcvt_gen_64_fast'
  216 |          z_tmcvt_gen_64_fast(__t, __from_hz, __to_hz, __round_up, __round_off) : \
      |          ^~~~~~~~~~~~~~~~~~~
E:/zephyr/include/zephyr/sys/time_units.h:251:18: note: in expansion of macro 'z_tmcvt_gen_64'
  251 |                  z_tmcvt_gen_64(__t, __from_hz, __to_hz, __round_up, __round_off) \
      |                  ^~~~~~~~~~~~~~
E:/zephyr/include/zephyr/sys/time_units.h:918:9: note: in expansion of macro 'z_tmcvt_64'
  918 |         z_tmcvt_64(t, Z_HZ_us, Z_HZ_ticks, true, true, false)
      |         ^~~~~~~~~~
E:/zephyr/include/zephyr/sys_clock.h:128:53: note: in expansion of macro 'k_us_to_ticks_ceil64'
  128 | # define Z_TIMEOUT_US(t) Z_TIMEOUT_TICKS((k_ticks_t)k_us_to_ticks_ceil64(MAX(t, 0)))
      |                                                     ^~~~~~~~~~~~~~~~~~~~
E:/zephyr/include/zephyr/sys_clock.h:128:74: note: in expansion of macro 'MAX'
  128 | # define Z_TIMEOUT_US(t) Z_TIMEOUT_TICKS((k_ticks_t)k_us_to_ticks_ceil64(MAX(t, 0)))
      |                                                                          ^~~
E:/zephyr/include/zephyr/kernel.h:1384:23: note: in expansion of macro 'Z_TIMEOUT_US'
 1384 | #define K_USEC(t)     Z_TIMEOUT_US(t)
      |                       ^~~~~~~~~~~~
E:/New_FirmIMU/src/SensorManager/Baro.cpp:82:19: note: in expansion of macro 'K_USEC'
   82 |   k_timeout_t t = K_USEC(1e6 / sample_rates.true_sample_rates[sample_rate_idx]);
      |                   ^~~~~~
E:/New_FirmIMU/src/SensorManager/Baro.cpp:82:30: warning: implicit conversion from 'float' to 'double' to match other operand of binary expression [-Wdouble-promotion]
   82 |   k_timeout_t t = K_USEC(1e6 / sample_rates.true_sample_rates[sample_rate_idx]);
      |                          ~~~~^~~~~~~~~~~~~~~~~~~~~~~~~~~~~~~~~~~~~~~~~~~~~~~~~
E:/zephyr/include/zephyr/sys_clock.h:120:46: note: in definition of macro 'Z_TIMEOUT_TICKS'
  120 | #define Z_TIMEOUT_TICKS(t) ((k_timeout_t) { (t) })
      |                                              ^
E:/zephyr/include/zephyr/sys/time_units.h:216:10: note: in expansion of macro 'z_tmcvt_gen_64_fast'
  216 |          z_tmcvt_gen_64_fast(__t, __from_hz, __to_hz, __round_up, __round_off) : \
      |          ^~~~~~~~~~~~~~~~~~~
E:/zephyr/include/zephyr/sys/time_units.h:251:18: note: in expansion of macro 'z_tmcvt_gen_64'
  251 |                  z_tmcvt_gen_64(__t, __from_hz, __to_hz, __round_up, __round_off) \
      |                  ^~~~~~~~~~~~~~
E:/zephyr/include/zephyr/sys/time_units.h:918:9: note: in expansion of macro 'z_tmcvt_64'
  918 |         z_tmcvt_64(t, Z_HZ_us, Z_HZ_ticks, true, true, false)
      |         ^~~~~~~~~~
E:/zephyr/include/zephyr/sys_clock.h:128:53: note: in expansion of macro 'k_us_to_ticks_ceil64'
  128 | # define Z_TIMEOUT_US(t) Z_TIMEOUT_TICKS((k_ticks_t)k_us_to_ticks_ceil64(MAX(t, 0)))
      |                                                     ^~~~~~~~~~~~~~~~~~~~
E:/zephyr/include/zephyr/sys_clock.h:128:74: note: in expansion of macro 'MAX'
  128 | # define Z_TIMEOUT_US(t) Z_TIMEOUT_TICKS((k_ticks_t)k_us_to_ticks_ceil64(MAX(t, 0)))
      |                                                                          ^~~
E:/zephyr/include/zephyr/kernel.h:1384:23: note: in expansion of macro 'Z_TIMEOUT_US'
 1384 | #define K_USEC(t)     Z_TIMEOUT_US(t)
      |                       ^~~~~~~~~~~~
E:/New_FirmIMU/src/SensorManager/Baro.cpp:82:19: note: in expansion of macro 'K_USEC'
   82 |   k_timeout_t t = K_USEC(1e6 / sample_rates.true_sample_rates[sample_rate_idx]);
      |                   ^~~~~~
[96/549] Building C object CMakeFiles/app.dir/src/bluetooth/gatt_services/sensor_service.c.obj
E:/New_FirmIMU/src/bluetooth/gatt_services/sensor_service.c: In function 'connect_evt_handler':
E:/New_FirmIMU/src/bluetooth/gatt_services/sensor_service.c:58:3: warning: enumeration value 'BT_MGMT_EXT_ADV_WITH_PA_READY' not handled in switch [-Wswitch]
   58 |   switch (msg->event) {
      |   ^~~~~~
E:/New_FirmIMU/src/bluetooth/gatt_services/sensor_service.c:58:3: warning: enumeration value 'BT_MGMT_SECURITY_CHANGED' not handled in switch [-Wswitch]
E:/New_FirmIMU/src/bluetooth/gatt_services/sensor_service.c:58:3: warning: enumeration value 'BT_MGMT_PA_SYNCED' not handled in switch [-Wswitch]
E:/New_FirmIMU/src/bluetooth/gatt_services/sensor_service.c:58:3: warning: enumeration value 'BT_MGMT_PA_SYNC_LOST' not handled in switch [-Wswitch]
E:/New_FirmIMU/src/bluetooth/gatt_services/sensor_service.c:58:3: warning: enumeration value 'BT_MGMT_BROADCAST_SINK_DISABLE' not handled in switch [-Wswitch]
E:/New_FirmIMU/src/bluetooth/gatt_services/sensor_service.c:58:3: warning: enumeration value 'BT_MGMT_BROADCAST_CODE_RECEIVED' not handled in switch [-Wswitch]
[97/549] Building C object zephyr/CMakeFiles/zephyr.dir/lib/cpp/abi/cpp_dtors.c.obj
[98/549] Building CXX object CMakeFiles/app.dir/src/bluetooth/gatt_services/led_service.cpp.obj
[99/549] Building C object CMakeFiles/app.dir/src/bluetooth/bt_management/advertising/bt_mgmt_adv.c.obj
E:/New_FirmIMU/src/bluetooth/bt_management/advertising/bt_mgmt_adv.c:44:5: warning: 'BT_LE_ADV_OPT_CONNECTABLE' is deprecated [-Wdeprecated-declarations]
   44 |     .options = BT_LE_ADV_OPT_CONNECTABLE | BT_LE_ADV_OPT_USE_NAME |
      |     ^
In file included from E:/zephyr/include/zephyr/bluetooth/audio/audio.h:28,
                 from E:/New_FirmIMU/src/bluetooth/bt_management/bt_mgmt.h:10,
                 from E:/New_FirmIMU/src/bluetooth/bt_management/advertising/bt_mgmt_adv.c:7:
E:/zephyr/include/zephyr/bluetooth/bluetooth.h:638:9: note: declared here
  638 |         BT_LE_ADV_OPT_CONNECTABLE __deprecated = BIT(0),
      |         ^~~~~~~~~~~~~~~~~~~~~~~~~
[100/549] Building CXX object CMakeFiles/app.dir/src/utils/StateIndicator.cpp.obj
E:/New_FirmIMU/src/utils/StateIndicator.cpp: In function 'void connect_evt_handler(const zbus_channel*)':
E:/New_FirmIMU/src/utils/StateIndicator.cpp:58:10: warning: enumeration value 'BT_MGMT_EXT_ADV_WITH_PA_READY' not handled in switch [-Wswitch]
   58 |   switch (msg->event) {
      |          ^
E:/New_FirmIMU/src/utils/StateIndicator.cpp:58:10: warning: enumeration value 'BT_MGMT_SECURITY_CHANGED' not handled in switch [-Wswitch]
E:/New_FirmIMU/src/utils/StateIndicator.cpp:58:10: warning: enumeration value 'BT_MGMT_PA_SYNCED' not handled in switch [-Wswitch]
E:/New_FirmIMU/src/utils/StateIndicator.cpp:58:10: warning: enumeration value 'BT_MGMT_PA_SYNC_LOST' not handled in switch [-Wswitch]
E:/New_FirmIMU/src/utils/StateIndicator.cpp:58:10: warning: enumeration value 'BT_MGMT_BROADCAST_SINK_DISABLE' not handled in switch [-Wswitch]
E:/New_FirmIMU/src/utils/StateIndicator.cpp:58:10: warning: enumeration value 'BT_MGMT_BROADCAST_CODE_RECEIVED' not handled in switch [-Wswitch]
[101/549] Building C object CMakeFiles/app.dir/src/SensorManager/Microphone.c.obj
[102/549] Building C object zephyr/CMakeFiles/zephyr.dir/lib/crc/crc4_sw.c.obj
[103/549] Building CXX object CMakeFiles/app.dir/src/SensorManager/BMP388/Adafruit_BMP3XX.cpp.obj
[104/549] Building CXX object CMakeFiles/app.dir/src/SensorManager/Microphone.cpp.obj
E:/New_FirmIMU/src/SensorManager/Microphone.cpp: In member function 'virtual void Microphone::start(int)':
E:/New_FirmIMU/src/SensorManager/Microphone.cpp:60:7: warning: unused variable 'ret' [-Wunused-variable]
   60 |   int ret;
      |       ^~~
[105/549] Building C object zephyr/CMakeFiles/zephyr.dir/lib/utils/last_section_id.c.obj
[106/549] Building C object zephyr/CMakeFiles/zephyr.dir/misc/generated/configs.c.obj
[107/549] Building CXX object CMakeFiles/app.dir/src/SensorManager/Temp.cpp.obj
In file included from E:/zephyr/include/zephyr/kernel_includes.h:38,
                 from E:/zephyr/include/zephyr/kernel.h:17,
                 from E:/New_FirmIMU/src/SensorManager/Temp.h:4,
                 from E:/New_FirmIMU/src/SensorManager/Temp.cpp:1:
E:/New_FirmIMU/src/SensorManager/Temp.cpp: In member function 'virtual void Temp::start(int)':
E:/New_FirmIMU/src/SensorManager/Temp.cpp:84:30: warning: implicit conversion from 'float' to 'double' to match other operand of binary expression [-Wdouble-promotion]
   84 |   k_timeout_t t = K_USEC(1e6 / sample_rates.true_sample_rates[sample_rate_idx]);
      |                          ~~~~^~~~~~~~~~~~~~~~~~~~~~~~~~~~~~~~~~~~~~~~~~~~~~~~~
E:/zephyr/include/zephyr/sys_clock.h:120:46: note: in definition of macro 'Z_TIMEOUT_TICKS'
  120 | #define Z_TIMEOUT_TICKS(t) ((k_timeout_t) { (t) })
      |                                              ^
E:/zephyr/include/zephyr/sys/time_units.h:216:10: note: in expansion of macro 'z_tmcvt_gen_64_fast'
  216 |          z_tmcvt_gen_64_fast(__t, __from_hz, __to_hz, __round_up, __round_off) : \
      |          ^~~~~~~~~~~~~~~~~~~
E:/zephyr/include/zephyr/sys/time_units.h:251:18: note: in expansion of macro 'z_tmcvt_gen_64'
  251 |                  z_tmcvt_gen_64(__t, __from_hz, __to_hz, __round_up, __round_off) \
      |                  ^~~~~~~~~~~~~~
E:/zephyr/include/zephyr/sys/time_units.h:918:9: note: in expansion of macro 'z_tmcvt_64'
  918 |         z_tmcvt_64(t, Z_HZ_us, Z_HZ_ticks, true, true, false)
      |         ^~~~~~~~~~
E:/zephyr/include/zephyr/sys_clock.h:128:53: note: in expansion of macro 'k_us_to_ticks_ceil64'
  128 | # define Z_TIMEOUT_US(t) Z_TIMEOUT_TICKS((k_ticks_t)k_us_to_ticks_ceil64(MAX(t, 0)))
      |                                                     ^~~~~~~~~~~~~~~~~~~~
E:/zephyr/include/zephyr/sys_clock.h:128:74: note: in expansion of macro 'MAX'
  128 | # define Z_TIMEOUT_US(t) Z_TIMEOUT_TICKS((k_ticks_t)k_us_to_ticks_ceil64(MAX(t, 0)))
      |                                                                          ^~~
E:/zephyr/include/zephyr/kernel.h:1384:23: note: in expansion of macro 'Z_TIMEOUT_US'
 1384 | #define K_USEC(t)     Z_TIMEOUT_US(t)
      |                       ^~~~~~~~~~~~
E:/New_FirmIMU/src/SensorManager/Temp.cpp:84:19: note: in expansion of macro 'K_USEC'
   84 |   k_timeout_t t = K_USEC(1e6 / sample_rates.true_sample_rates[sample_rate_idx]);
      |                   ^~~~~~
E:/New_FirmIMU/src/SensorManager/Temp.cpp:84:30: warning: implicit conversion from 'float' to 'double' to match other operand of binary expression [-Wdouble-promotion]
   84 |   k_timeout_t t = K_USEC(1e6 / sample_rates.true_sample_rates[sample_rate_idx]);
      |                          ~~~~^~~~~~~~~~~~~~~~~~~~~~~~~~~~~~~~~~~~~~~~~~~~~~~~~
E:/zephyr/include/zephyr/sys_clock.h:120:46: note: in definition of macro 'Z_TIMEOUT_TICKS'
  120 | #define Z_TIMEOUT_TICKS(t) ((k_timeout_t) { (t) })
      |                                              ^
E:/zephyr/include/zephyr/sys/time_units.h:216:10: note: in expansion of macro 'z_tmcvt_gen_64_fast'
  216 |          z_tmcvt_gen_64_fast(__t, __from_hz, __to_hz, __round_up, __round_off) : \
      |          ^~~~~~~~~~~~~~~~~~~
E:/zephyr/include/zephyr/sys/time_units.h:251:18: note: in expansion of macro 'z_tmcvt_gen_64'
  251 |                  z_tmcvt_gen_64(__t, __from_hz, __to_hz, __round_up, __round_off) \
      |                  ^~~~~~~~~~~~~~
E:/zephyr/include/zephyr/sys/time_units.h:918:9: note: in expansion of macro 'z_tmcvt_64'
  918 |         z_tmcvt_64(t, Z_HZ_us, Z_HZ_ticks, true, true, false)
      |         ^~~~~~~~~~
E:/zephyr/include/zephyr/sys_clock.h:128:53: note: in expansion of macro 'k_us_to_ticks_ceil64'
  128 | # define Z_TIMEOUT_US(t) Z_TIMEOUT_TICKS((k_ticks_t)k_us_to_ticks_ceil64(MAX(t, 0)))
      |                                                     ^~~~~~~~~~~~~~~~~~~~
E:/zephyr/include/zephyr/sys_clock.h:128:74: note: in expansion of macro 'MAX'
  128 | # define Z_TIMEOUT_US(t) Z_TIMEOUT_TICKS((k_ticks_t)k_us_to_ticks_ceil64(MAX(t, 0)))
      |                                                                          ^~~
E:/zephyr/include/zephyr/kernel.h:1384:23: note: in expansion of macro 'Z_TIMEOUT_US'
 1384 | #define K_USEC(t)     Z_TIMEOUT_US(t)
      |                       ^~~~~~~~~~~~
E:/New_FirmIMU/src/SensorManager/Temp.cpp:84:19: note: in expansion of macro 'K_USEC'
   84 |   k_timeout_t t = K_USEC(1e6 / sample_rates.true_sample_rates[sample_rate_idx]);
      |                   ^~~~~~
[108/549] Building CXX object CMakeFiles/app.dir/src/SensorManager/MLX90632/MLX90632.cpp.obj
E:/New_FirmIMU/src/SensorManager/MLX90632/MLX90632.cpp: In member function 'float MLX90632::getObjectTemp(status&)':
E:/New_FirmIMU/src/SensorManager/MLX90632/MLX90632.cpp:253:44: warning: implicit conversion from 'float' to 'double' to match other operand of binary expression [-Wdouble-promotion]
  253 |     float S = (float)(lowerRAM + upperRAM) / 2.0;
      |               ~~~~~~~~~~~~~~~~~~~~~~~~~~~~~^~~~~
E:/New_FirmIMU/src/SensorManager/MLX90632/MLX90632.cpp:255:21: warning: implicit conversion from 'float' to 'double' to match other operand of binary expression [-Wdouble-promotion]
  255 |     double Sto = (S / 12.0) / VRto * (double)pow(2, 19);
      |                   ~~^~~~~~
E:/New_FirmIMU/src/SensorManager/MLX90632/MLX90632.cpp:251:12: warning: unused variable 'sensorTemp' [-Wunused-variable]
  251 |     double sensorTemp = P_O + (AMB - P_R) / P_G + P_T * pow((AMB - P_R), 2);
      |            ^~~~~~~~~~
E:/New_FirmIMU/src/SensorManager/MLX90632/MLX90632.cpp: In member function 'float MLX90632::getObjectTempF()':
E:/New_FirmIMU/src/SensorManager/MLX90632/MLX90632.cpp:277:23: warning: implicit conversion from 'float' to 'double' to match other operand of binary expression [-Wdouble-promotion]
  277 |   float tempF = tempC * 9.0/5.0 + 32.0;
      |                 ~~~~~~^~~~~
[109/549] Building CXX object CMakeFiles/app.dir/src/buttons/Button.cpp.obj
[110/549] Building C object zephyr/CMakeFiles/zephyr.dir/lib/utils/timeutil.c.obj
[111/549] Building CXX object CMakeFiles/app.dir/src/SD_Card/Benchmark/Benchmark.cpp.obj
[112/549] Building C object zephyr/CMakeFiles/zephyr.dir/lib/os/printk.c.obj
[113/549] Building C object zephyr/CMakeFiles/zephyr.dir/lib/os/thread_entry.c.obj
[114/549] Building C object zephyr/CMakeFiles/zephyr.dir/lib/os/cbprintf_packaged.c.obj
[115/549] Building C object zephyr/CMakeFiles/zephyr.dir/lib/os/sem.c.obj
[116/549] Building C object zephyr/CMakeFiles/zephyr.dir/lib/utils/rb.c.obj
[117/549] Building C object zephyr/CMakeFiles/zephyr.dir/lib/utils/ring_buffer.c.obj
[118/549] Building C object zephyr/CMakeFiles/zephyr.dir/subsys/logging/log_cache.c.obj
[119/549] Building CXX object CMakeFiles/app.dir/src/SensorManager/PPG.cpp.obj
In file included from E:/zephyr/include/zephyr/sys/atomic.h:18,
                 from E:/zephyr/include/zephyr/kernel_includes.h:25,
                 from E:/zephyr/include/zephyr/kernel.h:17,
                 from E:/New_FirmIMU/src/SensorManager/PPG.h:4,
                 from E:/New_FirmIMU/src/SensorManager/PPG.cpp:1:
E:/New_FirmIMU/src/SensorManager/PPG.cpp: In static member function 'static void PPG::update_sensor(k_work*)':
E:/zephyr/include/zephyr/sys/util.h:401:25: warning: comparison of integer expressions of different signedness: 'unsigned int' and 'int' [-Wsign-compare]
  401 | #define MIN(a, b) (((a) < (b)) ? (a) : (b))
      |                     ~~~~^~~~~
E:/New_FirmIMU/src/SensorManager/PPG.cpp:94:22: note: in expansion of macro 'MIN'
   94 |       int to_write = MIN((SENSOR_DATA_FIXED_LENGTH - sizeof(uint16_t)) / _size,
      |                      ^~~
E:/New_FirmIMU/src/SensorManager/PPG.cpp: In member function 'virtual void PPG::start(int)':
E:/New_FirmIMU/src/SensorManager/PPG.cpp:140:21: warning: implicit conversion from 'float' to 'double' to match other operand of binary expression [-Wdouble-promotion]
  140 |   t_sample_us = 1e6 / sample_rates.true_sample_rates[sample_rate_idx];
      |                 ~~~~^~~~~~~~~~~~~~~~~~~~~~~~~~~~~~~~~~~~~~~~~~~~~~~~~
E:/New_FirmIMU/src/SensorManager/PPG.cpp:145:55: warning: implicit conversion from 'float' to 'double' to match other operand of binary expression [-Wdouble-promotion]
  145 |       MIN(MAX(1, (int)(CONFIG_SENSOR_LATENCY_MS * 1e3 / t_sample_us)),
E:/zephyr/include/zephyr/sys/util.h:401:22: note: in definition of macro 'MIN'
  401 | #define MIN(a, b) (((a) < (b)) ? (a) : (b))
      |                      ^
E:/New_FirmIMU/src/SensorManager/PPG.cpp:145:11: note: in expansion of macro 'MAX'
  145 |       MIN(MAX(1, (int)(CONFIG_SENSOR_LATENCY_MS * 1e3 / t_sample_us)),
      |           ^~~
E:/New_FirmIMU/src/SensorManager/PPG.cpp:145:55: warning: implicit conversion from 'float' to 'double' to match other operand of binary expression [-Wdouble-promotion]
  145 |       MIN(MAX(1, (int)(CONFIG_SENSOR_LATENCY_MS * 1e3 / t_sample_us)),
E:/zephyr/include/zephyr/sys/util.h:401:22: note: in definition of macro 'MIN'
  401 | #define MIN(a, b) (((a) < (b)) ? (a) : (b))
      |                      ^
E:/New_FirmIMU/src/SensorManager/PPG.cpp:145:11: note: in expansion of macro 'MAX'
  145 |       MIN(MAX(1, (int)(CONFIG_SENSOR_LATENCY_MS * 1e3 / t_sample_us)),
      |           ^~~
E:/New_FirmIMU/src/SensorManager/PPG.cpp:145:55: warning: implicit conversion from 'float' to 'double' to match other operand of binary expression [-Wdouble-promotion]
  145 |       MIN(MAX(1, (int)(CONFIG_SENSOR_LATENCY_MS * 1e3 / t_sample_us)),
E:/zephyr/include/zephyr/sys/util.h:401:35: note: in definition of macro 'MIN'
  401 | #define MIN(a, b) (((a) < (b)) ? (a) : (b))
      |                                   ^
E:/New_FirmIMU/src/SensorManager/PPG.cpp:145:11: note: in expansion of macro 'MAX'
  145 |       MIN(MAX(1, (int)(CONFIG_SENSOR_LATENCY_MS * 1e3 / t_sample_us)),
      |           ^~~
E:/New_FirmIMU/src/SensorManager/PPG.cpp:145:55: warning: implicit conversion from 'float' to 'double' to match other operand of binary expression [-Wdouble-promotion]
  145 |       MIN(MAX(1, (int)(CONFIG_SENSOR_LATENCY_MS * 1e3 / t_sample_us)),
E:/zephyr/include/zephyr/sys/util.h:401:35: note: in definition of macro 'MIN'
  401 | #define MIN(a, b) (((a) < (b)) ? (a) : (b))
      |                                   ^
E:/New_FirmIMU/src/SensorManager/PPG.cpp:145:11: note: in expansion of macro 'MAX'
  145 |       MIN(MAX(1, (int)(CONFIG_SENSOR_LATENCY_MS * 1e3 / t_sample_us)),
      |           ^~~
[120/549] Building CXX object CMakeFiles/app.dir/src/SensorManager/BoneConduction.cpp.obj
In file included from E:/zephyr/include/zephyr/sys/atomic.h:18,
                 from E:/zephyr/include/zephyr/kernel_includes.h:25,
                 from E:/zephyr/include/zephyr/kernel.h:17,
                 from E:/New_FirmIMU/src/SensorManager/BoneConduction.h:4,
                 from E:/New_FirmIMU/src/SensorManager/BoneConduction.cpp:1:
E:/New_FirmIMU/src/SensorManager/BoneConduction.cpp: In static member function 'static void BoneConduction::update_sensor(k_work*)':
E:/zephyr/include/zephyr/sys/util.h:401:25: warning: comparison of integer expressions of different signedness: 'unsigned int' and 'int' [-Wsign-compare]
  401 | #define MIN(a, b) (((a) < (b)) ? (a) : (b))
      |                     ~~~~^~~~~
E:/New_FirmIMU/src/SensorManager/BoneConduction.cpp:77:20: note: in expansion of macro 'MIN'
   77 |     int to_write = MIN((SENSOR_DATA_FIXED_LENGTH - sizeof(uint16_t)) / _size,
      |                    ^~~
E:/New_FirmIMU/src/SensorManager/BoneConduction.cpp: In member function 'virtual void BoneConduction::start(int)':
E:/New_FirmIMU/src/SensorManager/BoneConduction.cpp:122:21: warning: implicit conversion from 'float' to 'double' to match other operand of binary expression [-Wdouble-promotion]
  122 |   t_sample_us = 1e6 / sample_rates.true_sample_rates[sample_rate_idx];
      |                 ~~~~^~~~~~~~~~~~~~~~~~~~~~~~~~~~~~~~~~~~~~~~~~~~~~~~~
E:/New_FirmIMU/src/SensorManager/BoneConduction.cpp:128:55: warning: implicit conversion from 'float' to 'double' to match other operand of binary expression [-Wdouble-promotion]
  128 |       MIN(MAX(1, (int)(CONFIG_SENSOR_LATENCY_MS * 1e3 / t_sample_us)),
E:/zephyr/include/zephyr/sys/util.h:401:22: note: in definition of macro 'MIN'
  401 | #define MIN(a, b) (((a) < (b)) ? (a) : (b))
      |                      ^
E:/New_FirmIMU/src/SensorManager/BoneConduction.cpp:128:11: note: in expansion of macro 'MAX'
  128 |       MIN(MAX(1, (int)(CONFIG_SENSOR_LATENCY_MS * 1e3 / t_sample_us)),
      |           ^~~
E:/New_FirmIMU/src/SensorManager/BoneConduction.cpp:128:55: warning: implicit conversion from 'float' to 'double' to match other operand of binary expression [-Wdouble-promotion]
  128 |       MIN(MAX(1, (int)(CONFIG_SENSOR_LATENCY_MS * 1e3 / t_sample_us)),
E:/zephyr/include/zephyr/sys/util.h:401:22: note: in definition of macro 'MIN'
  401 | #define MIN(a, b) (((a) < (b)) ? (a) : (b))
      |                      ^
E:/New_FirmIMU/src/SensorManager/BoneConduction.cpp:128:11: note: in expansion of macro 'MAX'
  128 |       MIN(MAX(1, (int)(CONFIG_SENSOR_LATENCY_MS * 1e3 / t_sample_us)),
      |           ^~~
E:/New_FirmIMU/src/SensorManager/BoneConduction.cpp:128:55: warning: implicit conversion from 'float' to 'double' to match other operand of binary expression [-Wdouble-promotion]
  128 |       MIN(MAX(1, (int)(CONFIG_SENSOR_LATENCY_MS * 1e3 / t_sample_us)),
E:/zephyr/include/zephyr/sys/util.h:401:35: note: in definition of macro 'MIN'
  401 | #define MIN(a, b) (((a) < (b)) ? (a) : (b))
      |                                   ^
E:/New_FirmIMU/src/SensorManager/BoneConduction.cpp:128:11: note: in expansion of macro 'MAX'
  128 |       MIN(MAX(1, (int)(CONFIG_SENSOR_LATENCY_MS * 1e3 / t_sample_us)),
      |           ^~~
E:/New_FirmIMU/src/SensorManager/BoneConduction.cpp:128:55: warning: implicit conversion from 'float' to 'double' to match other operand of binary expression [-Wdouble-promotion]
  128 |       MIN(MAX(1, (int)(CONFIG_SENSOR_LATENCY_MS * 1e3 / t_sample_us)),
E:/zephyr/include/zephyr/sys/util.h:401:35: note: in definition of macro 'MIN'
  401 | #define MIN(a, b) (((a) < (b)) ? (a) : (b))
      |                                   ^
E:/New_FirmIMU/src/SensorManager/BoneConduction.cpp:128:11: note: in expansion of macro 'MAX'
  128 |       MIN(MAX(1, (int)(CONFIG_SENSOR_LATENCY_MS * 1e3 / t_sample_us)),
      |           ^~~
[121/549] Building C object zephyr/CMakeFiles/zephyr.dir/lib/utils/bitarray.c.obj
[122/549] Building C object zephyr/CMakeFiles/zephyr.dir/subsys/ipc/ipc_service/lib/ipc_rpmsg.c.obj
[123/549] Building CXX object CMakeFiles/app.dir/src/bluetooth/gatt_services/meow_ctrl_service.cpp.obj
[124/549] Building C object zephyr/CMakeFiles/zephyr.dir/lib/heap/heap.c.obj
[125/549] Building C object zephyr/CMakeFiles/zephyr.dir/lib/utils/notify.c.obj
[126/549] Building C object zephyr/CMakeFiles/zephyr.dir/lib/utils/onoff.c.obj
[127/549] Building C object zephyr/CMakeFiles/zephyr.dir/lib/utils/hex.c.obj
[128/549] Building C object zephyr/CMakeFiles/zephyr.dir/lib/utils/dec.c.obj
[129/549] Building C object zephyr/CMakeFiles/zephyr.dir/subsys/ipc/ipc_service/lib/ipc_static_vrings.c.obj
[130/549] Building C object zephyr/CMakeFiles/zephyr.dir/lib/os/poweroff.c.obj
[131/549] Building C object zephyr/CMakeFiles/zephyr.dir/lib/os/assert.c.obj
[132/549] Building C object zephyr/CMakeFiles/zephyr.dir/subsys/ipc/ipc_service/backends/ipc_rpmsg_static_vrings.c.obj
[133/549] Building C object zephyr/CMakeFiles/zephyr.dir/lib/os/reboot.c.obj
[134/549] Building C object zephyr/CMakeFiles/zephyr.dir/lib/os/cbprintf.c.obj
[135/549] Building C object zephyr/CMakeFiles/zephyr.dir/subsys/logging/log_mgmt.c.obj
[136/549] Building C object zephyr/CMakeFiles/zephyr.dir/subsys/tracing/tracing_none.c.obj
[137/549] Building CXX object CMakeFiles/app.dir/src/ParseInfo/SensorScheme.cpp.obj
[138/549] Building C object zephyr/CMakeFiles/zephyr.dir/subsys/mem_mgmt/mem_attr.c.obj
[139/549] Building C object zephyr/CMakeFiles/zephyr.dir/subsys/logging/log_core.c.obj
[140/549] Building C object zephyr/CMakeFiles/zephyr.dir/lib/os/cbprintf_complete.c.obj
[141/549] Building C object zephyr/CMakeFiles/zephyr.dir/lib/os/mpsc_pbuf.c.obj
[142/549] Building C object zephyr/CMakeFiles/zephyr.dir/subsys/storage/flash_map/flash_map_layout.c.obj
[143/549] Building CXX object CMakeFiles/app.dir/src/SensorManager/SensorManager.cpp.obj
[144/549] Building C object zephyr/CMakeFiles/zephyr.dir/subsys/storage/flash_map/flash_map.c.obj
[145/549] Building C object zephyr/CMakeFiles/zephyr.dir/subsys/logging/backends/log_backend_rtt.c.obj
[146/549] Building C object zephyr/CMakeFiles/zephyr.dir/subsys/logging/backends/log_backend_uart.c.obj
[147/549] Building C object zephyr/CMakeFiles/zephyr.dir/subsys/logging/log_msg.c.obj
[148/549] Building C object zephyr/CMakeFiles/zephyr.dir/subsys/usb/device/usb_work_q.c.obj
[149/549] Building C object zephyr/CMakeFiles/zephyr.dir/subsys/pm/device.c.obj
[150/549] Building C object zephyr/CMakeFiles/zephyr.dir/subsys/fs/nvs/nvs.c.obj
[151/549] Building C object zephyr/CMakeFiles/zephyr.dir/subsys/ipc/ipc_service/ipc_service.c.obj
[152/549] Building ASM object zephyr/arch/arch/arm/core/cortex_m/CMakeFiles/arch__arm__core__cortex_m.dir/swap_helper.S.obj
[153/549] Building C object zephyr/CMakeFiles/zephyr.dir/subsys/logging/log_output.c.obj
[154/549] Building ASM object zephyr/arch/arch/arm/core/cortex_m/CMakeFiles/arch__arm__core__cortex_m.dir/vector_table.S.obj
[155/549] Building C object zephyr/CMakeFiles/zephyr.dir/subsys/task_wdt/task_wdt.c.obj
[156/549] Building C object zephyr/CMakeFiles/zephyr.dir/subsys/settings/src/settings_store.c.obj
[157/549] Building C object zephyr/CMakeFiles/zephyr.dir/subsys/pm/device_runtime.c.obj
[158/549] Building ASM object zephyr/arch/arch/arm/core/cortex_m/CMakeFiles/arch__arm__core__cortex_m.dir/reset.S.obj
[159/549] Building C object zephyr/CMakeFiles/zephyr.dir/E_/nrf/lib/boot_banner/banner.c.obj
[160/549] Building C object zephyr/CMakeFiles/zephyr.dir/subsys/settings/src/settings.c.obj
[161/549] Building C object zephyr/CMakeFiles/zephyr.dir/subsys/settings/src/settings_line.c.obj
[162/549] Building C object zephyr/CMakeFiles/zephyr.dir/subsys/usb/device/usb_transfer.c.obj
[163/549] Building C object zephyr/CMakeFiles/zephyr.dir/subsys/settings/src/settings_init.c.obj
[164/549] Building C object zephyr/arch/arch/arm/core/cortex_m/CMakeFiles/arch__arm__core__cortex_m.dir/scb.c.obj
[165/549] Building C object zephyr/arch/arch/arm/core/cortex_m/CMakeFiles/arch__arm__core__cortex_m.dir/thread_abort.c.obj
[166/549] Building C object zephyr/arch/arch/arm/core/cortex_m/CMakeFiles/arch__arm__core__cortex_m.dir/cpu_idle.c.obj
[167/549] Building C object zephyr/CMakeFiles/zephyr.dir/subsys/settings/src/settings_nvs.c.obj
[168/549] Building C object zephyr/arch/arch/arm/core/cortex_m/CMakeFiles/arch__arm__core__cortex_m.dir/prep_c.c.obj
[169/549] Building C object zephyr/arch/arch/arm/core/cortex_m/CMakeFiles/arch__arm__core__cortex_m.dir/thread.c.obj
[170/549] Building C object zephyr/arch/arch/arm/core/cortex_m/CMakeFiles/arch__arm__core__cortex_m.dir/irq_manage.c.obj
[171/549] Building C object zephyr/CMakeFiles/zephyr.dir/drivers/flash/flash_util.c.obj
[172/549] Building C object zephyr/arch/arch/arm/core/cortex_m/CMakeFiles/arch__arm__core__cortex_m.dir/isr_wrapper.c.obj
[173/549] Building C object zephyr/lib/libc/newlib/CMakeFiles/lib__libc__newlib.dir/libc-hooks.c.obj
[174/549] Building C object zephyr/arch/arch/arm/core/cortex_m/CMakeFiles/arch__arm__core__cortex_m.dir/irq_init.c.obj
[175/549] Building C object zephyr/CMakeFiles/zephyr.dir/subsys/disk/disk_access.c.obj
[176/549] Building C object zephyr/arch/arch/arm/core/cortex_m/cmse/CMakeFiles/arch__arm__core__cortex_m__cmse.dir/arm_core_cmse.c.obj
[177/549] Building CXX object CMakeFiles/app.dir/src/SD_Card/SDLogger/SDLogger.cpp.obj
E:/New_FirmIMU/src/SD_Card/SDLogger/SDLogger.cpp: In static member function 'static void SDLogger::sensor_sd_task()':
E:/New_FirmIMU/src/SD_Card/SDLogger/SDLogger.cpp:116:16: warning: comparison of integer expressions of different signedness: 'uint32_t' {aka 'unsigned int'} and 'int' [-Wsign-compare]
  116 |       if (fill > count_max_buffer_fill) {
      |           ~~~~~^~~~~~~~~~~~~~~~~~~~~~~
E:/New_FirmIMU/src/SD_Card/SDLogger/SDLogger.cpp: In member function 'int SDLogger::write_sensor_data(const void* const*, const size_t*, size_t)':
E:/New_FirmIMU/src/SD_Card/SDLogger/SDLogger.cpp:271:17: warning: comparison of integer expressions of different signedness: 'int' and 'const size_t' {aka 'const unsigned int'} [-Wsign-compare]
  271 |     if (written < lengths[i]) {
      |         ~~~~~~~~^~~~~~~~~~~~
E:/New_FirmIMU/src/SD_Card/SDLogger/SDLogger.cpp: In function 'void sensor_listener_cb(const zbus_channel*)':
E:/New_FirmIMU/src/SD_Card/SDLogger/SDLogger.cpp:80:5: warning: 'ret' may be used uninitialized [-Wmaybe-uninitialized]
   80 |     if (ret) {
      |     ^~
E:/New_FirmIMU/src/SD_Card/SDLogger/SDLogger.cpp:56:7: note: 'ret' was declared here
   56 |   int ret;
      |       ^~~
[178/549] Building C object zephyr/CMakeFiles/zephyr.dir/subsys/usb/device/usb_descriptor.c.obj
[179/549] Building C object zephyr/arch/arch/arm/core/mpu/CMakeFiles/arch__arm__core__mpu.dir/arm_mpu_regions.c.obj
[180/549] Building C object zephyr/arch/arch/arm/core/mpu/CMakeFiles/arch__arm__core__mpu.dir/arm_core_mpu.c.obj
[181/549] Building C object CMakeFiles/app.dir/src/Battery/BootState.c.obj
[182/549] Building C object zephyr/soc/soc/nrf5340/CMakeFiles/soc__nordic.dir/validate_binding_headers.c.obj
[183/549] Building C object zephyr/lib/libc/common/CMakeFiles/lib__libc__common.dir/source/stdio/remove.c.obj
[184/549] Linking C static library zephyr\lib\libc\newlib\liblib__libc__newlib.a
[185/549] Building C object zephyr/CMakeFiles/zephyr.dir/subsys/usb/device/class/cdc_acm.c.obj
[186/549] Building C object CMakeFiles/app.dir/src/Battery/PowerManager.c.obj
[187/549] Building C object zephyr/arch/arch/arm/core/mpu/CMakeFiles/arch__arm__core__mpu.dir/arm_mpu.c.obj
[188/549] Building C object zephyr/lib/libc/common/CMakeFiles/lib__libc__common.dir/source/stdlib/abort.c.obj
[189/549] Linking C static library zephyr\arch\arch\arm\core\cortex_m\cmse\libarch__arm__core__cortex_m__cmse.a
[190/549] Building C object CMakeFiles/app.dir/fw_info_app.c.obj
E:/New_FirmIMU/build/New_FirmIMU/fw_info_app.c: In function 'fw_info_app_print':
E:/New_FirmIMU/build/New_FirmIMU/fw_info_app.c:33:13: warning: unused variable 'ret' [-Wunused-variable]
   33 |         int ret;
      |             ^~~
[191/549] Building C object zephyr/soc/soc/nrf5340/CMakeFiles/soc__nordic.dir/validate_enabled_instances.c.obj
[192/549] Building C object zephyr/boards/boards/arm/openearable_v2/CMakeFiles/..__New_FirmIMU__boards__teco__openearable_v2.dir/board_init.c.obj
[193/549] Building C object CMakeFiles/app.dir/src/Battery/power_sequence.c.obj
[194/549] Building C object zephyr/soc/soc/nrf5340/CMakeFiles/soc__nordic.dir/common/reboot.c.obj
[195/549] Building C object zephyr/soc/soc/nrf5340/CMakeFiles/soc__nordic.dir/validate_base_addresses.c.obj
[196/549] Building C object zephyr/lib/net_buf/CMakeFiles/lib__net_buf.dir/buf.c.obj
[197/549] Building C object zephyr/soc/soc/nrf5340/CMakeFiles/soc__nordic.dir/common/poweroff.c.obj
[198/549] Building CXX object CMakeFiles/app.dir/src/Wire/TWIM.cpp.obj
E:/New_FirmIMU/src/Wire/TWIM.cpp: In member function 'virtual void TWIM::begin()':
E:/New_FirmIMU/src/Wire/TWIM.cpp:11:7: warning: unused variable 'ret' [-Wunused-variable]
   11 |   int ret;
      |       ^~~
[199/549] Building C object zephyr/lib/net_buf/CMakeFiles/lib__net_buf.dir/buf_simple.c.obj
[200/549] Building C object zephyr/soc/soc/nrf5340/CMakeFiles/soc__nordic.dir/nrf53/nrf53_cpunet_mgmt.c.obj
[201/549] Building C object CMakeFiles/app.dir/src/bluetooth/bt_management/controller_config/bt_mgmt_ctlr_cfg.c.obj
[202/549] Building C object zephyr/subsys/bluetooth/common/CMakeFiles/subsys__bluetooth__common.dir/addr.c.obj
[203/549] Linking C static library zephyr\arch\arch\arm\core\mpu\libarch__arm__core__mpu.a
[204/549] Building C object zephyr/subsys/fs/CMakeFiles/subsys__fs.dir/fs_impl.c.obj
[205/549] Linking C static library zephyr\lib\libc\common\liblib__libc__common.a
[206/549] Building C object zephyr/subsys/random/CMakeFiles/subsys__random.dir/random_entropy_device.c.obj
[207/549] Building C object zephyr/CMakeFiles/zephyr.dir/subsys/usb/device/usb_device.c.obj
[208/549] Building C object zephyr/subsys/fs/CMakeFiles/subsys__fs.dir/fat_fs.c.obj
[209/549] Building C object zephyr/subsys/random/CMakeFiles/subsys__random.dir/random_xoshiro128.c.obj
[210/549] Linking C static library zephyr\boards\boards\arm\openearable_v2\lib..__New_FirmIMU__boards__teco__openearable_v2.a
[211/549] Building C object zephyr/subsys/bluetooth/common/CMakeFiles/subsys__bluetooth__common.dir/bt_str.c.obj
[212/549] Building C object zephyr/subsys/bluetooth/common/CMakeFiles/subsys__bluetooth__common.dir/rpa.c.obj
[213/549] Building C object zephyr/subsys/bluetooth/host/CMakeFiles/subsys__bluetooth__host.dir/addr.c.obj
[214/549] Building C object zephyr/subsys/bluetooth/common/CMakeFiles/subsys__bluetooth__common.dir/dummy.c.obj
[215/549] Building C object zephyr/subsys/bluetooth/host/CMakeFiles/subsys__bluetooth__host.dir/uuid.c.obj
[216/549] Linking C static library zephyr\lib\net_buf\liblib__net_buf.a
[217/549] Building CXX object CMakeFiles/app.dir/src/SD_Card/SD_Card_Manager/SD_Card_Manager.cpp.obj
E:/New_FirmIMU/src/SD_Card/SD_Card_Manager/SD_Card_Manager.cpp: In member function 'int SDCardManager::ls(char*, size_t*)':
E:/New_FirmIMU/src/SD_Card/SD_Card_Manager/SD_Card_Manager.cpp:328:15: warning: comparison of integer expressions of different signedness: 'ssize_t' {aka 'int'} and 'size_t' {aka 'unsigned int'} [-Wsign-compare]
  328 |       if (len >= remaining_buf_size) {
      |           ~~~~^~~~~~~~~~~~~~~~~~~~~
[218/549] Building CXX object CMakeFiles/app.dir/src/audio/sdlogger_wrapper.cpp.obj
[219/549] Building C object CMakeFiles/app.dir/src/audio/streamctrl.c.obj
E:/New_FirmIMU/src/audio/streamctrl.c: In function 'bt_mgmt_evt_handler':
E:/New_FirmIMU/src/audio/streamctrl.c:367:7: warning: unused variable 'ret' [-Wunused-variable]
  367 |   int ret;
      |       ^~~
In file included from E:/zephyr/include/zephyr/logging/log.h:11,
                 from E:/New_FirmIMU/src/audio/streamctrl.c:38:
E:/New_FirmIMU/src/audio/streamctrl.c: In function 'device_found':
E:/New_FirmIMU/src/audio/streamctrl.c:649:15: warning: format '%X' expects argument of type 'unsigned int', but argument 2 has type 'uint64_t' {aka 'long long unsigned int'} [-Wformat=]
  649 |       LOG_INF("Device ID 1: %016X", oe_boot_state.device_id);
      |               ^~~~~~~~~~~~~~~~~~~~  ~~~~~~~~~~~~~~~~~~~~~~~
      |                                                  |
      |                                                  uint64_t {aka long long unsigned int}
E:/zephyr/include/zephyr/logging/log_core.h:315:50: note: in definition of macro 'Z_LOG2'
  315 |                         z_log_printf_arg_checker(__VA_ARGS__);                                     \
      |                                                  ^~~~~~~~~~~
E:/zephyr/include/zephyr/logging/log.h:65:24: note: in expansion of macro 'Z_LOG'
   65 | #define LOG_INF(...)   Z_LOG(LOG_LEVEL_INF, __VA_ARGS__)
      |                        ^~~~~
E:/New_FirmIMU/src/audio/streamctrl.c:649:7: note: in expansion of macro 'LOG_INF'
  649 |       LOG_INF("Device ID 1: %016X", oe_boot_state.device_id);
      |       ^~~~~~~
E:/New_FirmIMU/src/audio/streamctrl.c:649:33: note: format string is defined here
  649 |       LOG_INF("Device ID 1: %016X", oe_boot_state.device_id);
      |                             ~~~~^
      |                                 |
      |                                 unsigned int
      |                             %016llX
E:/New_FirmIMU/src/audio/streamctrl.c:666:33: warning: implicit declaration of function 'bt_hex' [-Wimplicit-function-declaration]
  666 |         LOG_WRN("Invalid r %s", bt_hex(r, BT_CSIP_CRYPTO_PRAND_SIZE));
      |                                 ^~~~~~
E:/zephyr/include/zephyr/logging/log_core.h:223:32: note: in definition of macro 'Z_LOG_TO_PRINTK'
  223 |                              ##__VA_ARGS__); \
      |                                ^~~~~~~~~~~
E:/zephyr/include/zephyr/logging/log_core.h:319:44: note: in expansion of macro 'Z_LOG2'
  319 | #define Z_LOG(_level, ...)                 Z_LOG2(_level, 0, Z_LOG_CURRENT_DATA(), __VA_ARGS__)
      |                                            ^~~~~~
E:/zephyr/include/zephyr/logging/log.h:55:24: note: in expansion of macro 'Z_LOG'
   55 | #define LOG_WRN(...)   Z_LOG(LOG_LEVEL_WRN, __VA_ARGS__)
      |                        ^~~~~
E:/New_FirmIMU/src/audio/streamctrl.c:666:9: note: in expansion of macro 'LOG_WRN'
  666 |         LOG_WRN("Invalid r %s", bt_hex(r, BT_CSIP_CRYPTO_PRAND_SIZE));
      |         ^~~~~~~
E:/New_FirmIMU/src/audio/streamctrl.c:666:17: warning: format '%s' expects argument of type 'char *', but argument 2 has type 'int' [-Wformat=]
  666 |         LOG_WRN("Invalid r %s", bt_hex(r, BT_CSIP_CRYPTO_PRAND_SIZE));
      |                 ^~~~~~~~~~~~~~  ~~~~~~~~~~~~~~~~~~~~~~~~~~~~~~~~~~~~
      |                                 |
      |                                 int
E:/zephyr/include/zephyr/logging/log_core.h:315:50: note: in definition of macro 'Z_LOG2'
  315 |                         z_log_printf_arg_checker(__VA_ARGS__);                                     \
      |                                                  ^~~~~~~~~~~
E:/zephyr/include/zephyr/logging/log.h:55:24: note: in expansion of macro 'Z_LOG'
   55 | #define LOG_WRN(...)   Z_LOG(LOG_LEVEL_WRN, __VA_ARGS__)
      |                        ^~~~~
E:/New_FirmIMU/src/audio/streamctrl.c:666:9: note: in expansion of macro 'LOG_WRN'
  666 |         LOG_WRN("Invalid r %s", bt_hex(r, BT_CSIP_CRYPTO_PRAND_SIZE));
      |         ^~~~~~~
E:/New_FirmIMU/src/audio/streamctrl.c:666:29: note: format string is defined here
  666 |         LOG_WRN("Invalid r %s", bt_hex(r, BT_CSIP_CRYPTO_PRAND_SIZE));
      |                            ~^
      |                             |
      |                             char *
      |                            %d
E:/New_FirmIMU/src/audio/streamctrl.c:677:11: warning: unused variable 'err' [-Wunused-variable]
  677 |       int err = bt_encrypt_le(sirk, res, res);
      |           ^~~
E:/New_FirmIMU/src/audio/streamctrl.c:594:7: warning: unused variable 'ret' [-Wunused-variable]
  594 |   int ret;
      |       ^~~
E:/New_FirmIMU/src/audio/streamctrl.c: In function 'streamctrl_start':
E:/New_FirmIMU/src/audio/streamctrl.c:708:10: warning: unused variable 'ext_adv_buf_cnt' [-Wunused-variable]
  708 |   size_t ext_adv_buf_cnt = 0;
      |          ^~~~~~~~~~~~~~~
E:/New_FirmIMU/src/audio/streamctrl.c: At top level:
E:/New_FirmIMU/src/audio/streamctrl.c:692:29: warning: 'ad' defined but not used [-Wunused-const-variable=]
  692 | static const struct bt_data ad[] = {
      |                             ^~
E:/New_FirmIMU/src/audio/streamctrl.c:589:13: warning: 'device_found' defined but not used [-Wunused-function]
  589 | static void device_found(const bt_addr_le_t *addr, int8_t rssi, uint8_t type,
      |             ^~~~~~~~~~~~
E:/New_FirmIMU/src/audio/streamctrl.c:68:13: warning: 'stream_state_set' defined but not used [-Wunused-function]
   68 | static void stream_state_set(enum stream_state stream_state_new) {
      |             ^~~~~~~~~~~~~~~~
[220/549] Building C object zephyr/subsys/bluetooth/host/CMakeFiles/subsys__bluetooth__host.dir/data.c.obj
[221/549] Building C object zephyr/subsys/bluetooth/host/CMakeFiles/subsys__bluetooth__host.dir/long_wq.c.obj
[222/549] Building C object zephyr/subsys/sd/CMakeFiles/subsys__sd.dir/sd.c.obj
[223/549] Building CXX object CMakeFiles/app.dir/src/Battery/BQ27220.cpp.obj
E:/New_FirmIMU/src/Battery/BQ27220.cpp: In member function 'bat_status BQ27220::battery_status()':
E:/New_FirmIMU/src/Battery/BQ27220.cpp:103:8: warning: unused variable 'ret' [-Wunused-variable]
  103 |   bool ret = readReg(registers::FLAGS, (uint8_t *)&val, sizeof(val));
      |        ^~~
E:/New_FirmIMU/src/Battery/BQ27220.cpp: In member function 'float BQ27220::temperature()':
E:/New_FirmIMU/src/Battery/BQ27220.cpp:142:8: warning: unused variable 'ret' [-Wunused-variable]
  142 |   bool ret = readReg(registers::TEMP, (uint8_t *)&temp_K, sizeof(temp_K));
      |        ^~~
E:/New_FirmIMU/src/Battery/BQ27220.cpp: In member function 'float BQ27220::voltage()':
E:/New_FirmIMU/src/Battery/BQ27220.cpp:150:8: warning: unused variable 'ret' [-Wunused-variable]
  150 |   bool ret = readReg(registers::VOLT, (uint8_t *)&mV, sizeof(mV));
      |        ^~~
E:/New_FirmIMU/src/Battery/BQ27220.cpp: In member function 'float BQ27220::capacity()':
E:/New_FirmIMU/src/Battery/BQ27220.cpp:158:8: warning: unused variable 'ret' [-Wunused-variable]
  158 |   bool ret = readReg(registers::FCC, (uint8_t *)&mAh, sizeof(mAh));
      |        ^~~
E:/New_FirmIMU/src/Battery/BQ27220.cpp: In member function 'float BQ27220::time_to_full()':
E:/New_FirmIMU/src/Battery/BQ27220.cpp:164:8: warning: unused variable 'ret' [-Wunused-variable]
  164 |   bool ret = readReg(registers::TTF, (uint8_t *)&minutes, sizeof(minutes));
      |        ^~~
E:/New_FirmIMU/src/Battery/BQ27220.cpp: In member function 'float BQ27220::time_to_empty()':
E:/New_FirmIMU/src/Battery/BQ27220.cpp:170:8: warning: unused variable 'ret' [-Wunused-variable]
  170 |   bool ret = readReg(registers::TTE, (uint8_t *)&minutes, sizeof(minutes));
      |        ^~~
E:/New_FirmIMU/src/Battery/BQ27220.cpp: In member function 'float BQ27220::state_of_charge()':
E:/New_FirmIMU/src/Battery/BQ27220.cpp:176:8: warning: unused variable 'ret' [-Wunused-variable]
  176 |   bool ret = readReg(registers::SOC, (uint8_t *)&soc, sizeof(soc));
      |        ^~~
E:/New_FirmIMU/src/Battery/BQ27220.cpp: In member function 'float BQ27220::state_of_health()':
E:/New_FirmIMU/src/Battery/BQ27220.cpp:182:8: warning: unused variable 'ret' [-Wunused-variable]
  182 |   bool ret = readReg(registers::SOH, (uint8_t *)&soc, sizeof(soc));
      |        ^~~
E:/New_FirmIMU/src/Battery/BQ27220.cpp: In member function 'float BQ27220::current()':
E:/New_FirmIMU/src/Battery/BQ27220.cpp:188:8: warning: unused variable 'ret' [-Wunused-variable]
  188 |   bool ret = readReg(registers::NAC, (uint8_t *)&mA, sizeof(mA));
      |        ^~~
E:/New_FirmIMU/src/Battery/BQ27220.cpp: In member function 'float BQ27220::average_current()':
E:/New_FirmIMU/src/Battery/BQ27220.cpp:194:8: warning: unused variable 'ret' [-Wunused-variable]
  194 |   bool ret = readReg(registers::AI, (uint8_t *)&mA, sizeof(mA));
      |        ^~~
E:/New_FirmIMU/src/Battery/BQ27220.cpp: In member function 'float BQ27220::design_cap()':
E:/New_FirmIMU/src/Battery/BQ27220.cpp:200:8: warning: unused variable 'ret' [-Wunused-variable]
  200 |   bool ret = readReg(registers::DCAP, (uint8_t *)&mAh, sizeof(mAh));
      |        ^~~
E:/New_FirmIMU/src/Battery/BQ27220.cpp: In member function 'float BQ27220::remaining_cap()':
E:/New_FirmIMU/src/Battery/BQ27220.cpp:206:8: warning: unused variable 'ret' [-Wunused-variable]
  206 |   bool ret = readReg(registers::RM, (uint8_t *)&mAh, sizeof(mAh));
      |        ^~~
E:/New_FirmIMU/src/Battery/BQ27220.cpp: In member function 'float BQ27220::charge_current()':
E:/New_FirmIMU/src/Battery/BQ27220.cpp:212:8: warning: unused variable 'ret' [-Wunused-variable]
  212 |   bool ret = readReg(registers::CC, (uint8_t *)&mA, sizeof(mA));
      |        ^~~
E:/New_FirmIMU/src/Battery/BQ27220.cpp: In member function 'int BQ27220::cycle_count()':
E:/New_FirmIMU/src/Battery/BQ27220.cpp:218:8: warning: unused variable 'ret' [-Wunused-variable]
  218 |   bool ret = readReg(registers::CYCT, (uint8_t *)&n_cycles, sizeof(n_cycles));
      |        ^~~
E:/New_FirmIMU/src/Battery/BQ27220.cpp: In member function 'float BQ27220::standby_current()':
E:/New_FirmIMU/src/Battery/BQ27220.cpp:224:8: warning: unused variable 'ret' [-Wunused-variable]
  224 |   bool ret = readReg(registers::SI, (uint8_t *)&mA, sizeof(mA));
      |        ^~~
E:/New_FirmIMU/src/Battery/BQ27220.cpp: In member function 'op_state BQ27220::operation_state()':
E:/New_FirmIMU/src/Battery/BQ27220.cpp:232:8: warning: unused variable 'ret' [-Wunused-variable]
  232 |   bool ret = readReg(registers::OP_STAT, (uint8_t *)&status, sizeof(status));
      |        ^~~
[224/549] Linking C static library zephyr\subsys\random\libsubsys__random.a
[225/549] Building C object zephyr/subsys/bluetooth/host/CMakeFiles/subsys__bluetooth__host.dir/hci_common.c.obj
[226/549] Linking C static library zephyr\subsys\bluetooth\common\libsubsys__bluetooth__common.a
[227/549] Building C object zephyr/soc/soc/nrf5340/CMakeFiles/soc__nordic.dir/nrf53/soc.c.obj
[228/549] Building C object zephyr/subsys/bluetooth/host/CMakeFiles/subsys__bluetooth__host.dir/buf.c.obj
[229/549] Building C object zephyr/subsys/bluetooth/host/CMakeFiles/subsys__bluetooth__host.dir/settings.c.obj
[230/549] Building CXX object CMakeFiles/app.dir/src/Battery/BQ25120a.cpp.obj
E:/New_FirmIMU/src/Battery/BQ25120a.cpp: In member function 'uint8_t BQ25120a::read_charging_state()':
E:/New_FirmIMU/src/Battery/BQ25120a.cpp:168:8: warning: unused variable 'ret' [-Wunused-variable]
  168 |   bool ret = readReg(registers::CTRL, (uint8_t *)&status, sizeof(status));
      |        ^~~
E:/New_FirmIMU/src/Battery/BQ25120a.cpp: In member function 'uint8_t BQ25120a::read_fault()':
E:/New_FirmIMU/src/Battery/BQ25120a.cpp:175:8: warning: unused variable 'ret' [-Wunused-variable]
  175 |   bool ret = readReg(registers::FAULT, (uint8_t *)&status, sizeof(status));
      |        ^~~
E:/New_FirmIMU/src/Battery/BQ25120a.cpp: In member function 'uint8_t BQ25120a::read_ts_fault()':
E:/New_FirmIMU/src/Battery/BQ25120a.cpp:182:8: warning: unused variable 'ret' [-Wunused-variable]
  182 |   bool ret = readReg(registers::TS_FAULT, (uint8_t *)&status, sizeof(status));
      |        ^~~
E:/New_FirmIMU/src/Battery/BQ25120a.cpp: In member function 'chrg_state BQ25120a::read_charging_control()':
E:/New_FirmIMU/src/Battery/BQ25120a.cpp:189:8: warning: unused variable 'ret' [-Wunused-variable]
  189 |   bool ret =
      |        ^~~
E:/New_FirmIMU/src/Battery/BQ25120a.cpp: In member function 'uint8_t BQ25120a::write_charging_control(float)':
E:/New_FirmIMU/src/Battery/BQ25120a.cpp:223:43: warning: implicit conversion from 'float' to 'double' to match other operand of binary expression [-Wdouble-promotion]
  223 |     status |= (((uint16_t)((mA - 40) / 10 + EPS)) & 0x1F) << 2;
E:/New_FirmIMU/src/Battery/BQ25120a.cpp:216:8: warning: unused variable 'ret' [-Wunused-variable]
  216 |   bool ret = readReg(registers::CHARGE_CTRL, &status, sizeof(status));
      |        ^~~
E:/New_FirmIMU/src/Battery/BQ25120a.cpp: In member function 'uint8_t BQ25120a::write_LDO_voltage_control(float)':
E:/New_FirmIMU/src/Battery/BQ25120a.cpp:263:43: warning: implicit conversion from 'float' to 'double' to match other operand of binary expression [-Wdouble-promotion]
  263 |   status |= ((uint8_t)((volt - 0.8f) * 10 + EPS)) << 2;
E:/New_FirmIMU/src/Battery/BQ25120a.cpp: In member function 'float BQ25120a::read_ldo_voltage()':
E:/New_FirmIMU/src/Battery/BQ25120a.cpp:273:8: warning: unused variable 'ret' [-Wunused-variable]
  273 |   bool ret =
      |        ^~~
E:/New_FirmIMU/src/Battery/BQ25120a.cpp: In member function 'float BQ25120a::read_battery_voltage_control()':
E:/New_FirmIMU/src/Battery/BQ25120a.cpp:283:8: warning: unused variable 'ret' [-Wunused-variable]
  283 |   bool ret =
      |        ^~~
E:/New_FirmIMU/src/Battery/BQ25120a.cpp: In member function 'uint8_t BQ25120a::write_battery_voltage_control(float)':
E:/New_FirmIMU/src/Battery/BQ25120a.cpp:299:46: warning: implicit conversion from 'float' to 'double' to match other operand of binary expression [-Wdouble-promotion]
  299 |   status |= (((uint16_t)((volt - 3.6f) * 100 + EPS)) & 0x7F) << 1;
E:/New_FirmIMU/src/Battery/BQ25120a.cpp: In member function 'chrg_state BQ25120a::read_termination_control()':
E:/New_FirmIMU/src/Battery/BQ25120a.cpp:326:21: warning: implicit conversion from 'float' to 'double' to match other operand of binary expression [-Wdouble-promotion]
  326 |     mAh = 0.5 + mAh * 0.5;
      |                 ~~~~^~~~~
E:/New_FirmIMU/src/Battery/BQ25120a.cpp:308:8: warning: unused variable 'ret' [-Wunused-variable]
  308 |   bool ret = readReg(registers::TERM_CTRL, (uint8_t *)&status, sizeof(status));
      |        ^~~
E:/New_FirmIMU/src/Battery/BQ25120a.cpp: In member function 'uint8_t BQ25120a::write_termination_control(float, bool)':
E:/New_FirmIMU/src/Battery/BQ25120a.cpp:348:36: warning: implicit conversion from 'float' to 'double' to match other operand of binary expression [-Wdouble-promotion]
  348 |     status |= (((uint16_t)(2 * (mA - 0.5))) & 0x1F) << 2;
      |                                 ~~~^~~~~
In file included from E:/zephyr/include/zephyr/sys/atomic.h:18,
                 from E:/zephyr/include/zephyr/kernel_includes.h:25,
                 from E:/zephyr/include/zephyr/kernel.h:17,
                 from E:/New_FirmIMU/src/Battery/BQ25120a.h:4,
                 from E:/New_FirmIMU/src/Battery/BQ25120a.cpp:1:
E:/New_FirmIMU/src/Battery/BQ25120a.cpp: In member function 'ilim_uvlo BQ25120a::read_uvlo_ilim()':
E:/zephyr/include/zephyr/sys/util.h:417:39: warning: implicit conversion from 'float' to 'double' to match other operand of binary expression [-Wdouble-promotion]
  417 | #define CLAMP(val, low, high) (((val) <= (low)) ? (low) : MIN(val, high))
      |                                 ~~~~~~^~~~~~~~
E:/New_FirmIMU/src/Battery/BQ25120a.cpp:368:18: note: in expansion of macro 'CLAMP'
  368 |   param.uvlo_v = CLAMP(3.0f - 0.2f * ((status & 0x7) - 2), 2.2, 3.0);
      |                  ^~~~~
E:/zephyr/include/zephyr/sys/util.h:401:25: warning: implicit conversion from 'float' to 'double' to match other operand of binary expression [-Wdouble-promotion]
  401 | #define MIN(a, b) (((a) < (b)) ? (a) : (b))
      |                     ~~~~^~~~~
E:/zephyr/include/zephyr/sys/util.h:417:59: note: in expansion of macro 'MIN'
  417 | #define CLAMP(val, low, high) (((val) <= (low)) ? (low) : MIN(val, high))
      |                                                           ^~~
E:/New_FirmIMU/src/Battery/BQ25120a.cpp:368:18: note: in expansion of macro 'CLAMP'
  368 |   param.uvlo_v = CLAMP(3.0f - 0.2f * ((status & 0x7) - 2), 2.2, 3.0);
      |                  ^~~~~
E:/zephyr/include/zephyr/sys/util.h:401:32: warning: implicit conversion from 'float' to 'double' to match other result of conditional [-Wdouble-promotion]
  401 | #define MIN(a, b) (((a) < (b)) ? (a) : (b))
      |                    ~~~~~~~~~~~~^~~~~~~~~~~
E:/zephyr/include/zephyr/sys/util.h:417:59: note: in expansion of macro 'MIN'
  417 | #define CLAMP(val, low, high) (((val) <= (low)) ? (low) : MIN(val, high))
      |                                                           ^~~
E:/New_FirmIMU/src/Battery/BQ25120a.cpp:368:18: note: in expansion of macro 'CLAMP'
  368 |   param.uvlo_v = CLAMP(3.0f - 0.2f * ((status & 0x7) - 2), 2.2, 3.0);
      |                  ^~~~~
E:/New_FirmIMU/src/Battery/BQ25120a.cpp:364:8: warning: unused variable 'ret' [-Wunused-variable]
  364 |   bool ret = readReg(registers::ILIM_UVLO, (uint8_t *)&status, sizeof(status));
      |        ^~~
E:/New_FirmIMU/src/Battery/BQ25120a.cpp: In member function 'uint8_t BQ25120a::write_uvlo_ilim(ilim_uvlo)':
E:/zephyr/include/zephyr/sys/util.h:417:39: warning: implicit conversion from 'float' to 'double' to match other operand of binary expression [-Wdouble-promotion]
  417 | #define CLAMP(val, low, high) (((val) <= (low)) ? (low) : MIN(val, high))
      |                                 ~~~~~~^~~~~~~~
E:/New_FirmIMU/src/Battery/BQ25120a.cpp:376:13: note: in expansion of macro 'CLAMP'
  376 |   float v = CLAMP(param.uvlo_v, 2.2, 3.0);
      |             ^~~~~
E:/zephyr/include/zephyr/sys/util.h:401:25: warning: implicit conversion from 'float' to 'double' to match other operand of binary expression [-Wdouble-promotion]
  401 | #define MIN(a, b) (((a) < (b)) ? (a) : (b))
      |                     ~~~~^~~~~
E:/zephyr/include/zephyr/sys/util.h:417:59: note: in expansion of macro 'MIN'
  417 | #define CLAMP(val, low, high) (((val) <= (low)) ? (low) : MIN(val, high))
      |                                                           ^~~
E:/New_FirmIMU/src/Battery/BQ25120a.cpp:376:13: note: in expansion of macro 'CLAMP'
  376 |   float v = CLAMP(param.uvlo_v, 2.2, 3.0);
      |             ^~~~~
E:/zephyr/include/zephyr/sys/util.h:401:32: warning: implicit conversion from 'float' to 'double' to match other result of conditional [-Wdouble-promotion]
  401 | #define MIN(a, b) (((a) < (b)) ? (a) : (b))
      |                    ~~~~~~~~~~~~^~~~~~~~~~~
E:/zephyr/include/zephyr/sys/util.h:417:59: note: in expansion of macro 'MIN'
  417 | #define CLAMP(val, low, high) (((val) <= (low)) ? (low) : MIN(val, high))
      |                                                           ^~~
E:/New_FirmIMU/src/Battery/BQ25120a.cpp:376:13: note: in expansion of macro 'CLAMP'
  376 |   float v = CLAMP(param.uvlo_v, 2.2, 3.0);
      |             ^~~~~
E:/New_FirmIMU/src/Battery/BQ25120a.cpp:381:30: warning: implicit conversion from 'float' to 'double' to match other operand of binary expression [-Wdouble-promotion]
  381 |   status |= ((uint16_t)((3.0 - v) * 5 + 2) & 0x7);
      |                          ~~~~^~~
E:/New_FirmIMU/src/Battery/BQ25120a.cpp: In member function 'button_state BQ25120a::read_button_state()':
E:/New_FirmIMU/src/Battery/BQ25120a.cpp:433:8: warning: unused variable 'ret' [-Wunused-variable]
  433 |   bool ret = readReg(registers::BTN_CTRL, (uint8_t *)&status, sizeof(status));
      |        ^~~
[231/549] Building C object zephyr/CMakeFiles/zephyr.dir/E_/nrfxlib/lc3/platform/os/baremetal/src/osal.c.obj
[232/549] Building C object CMakeFiles/app.dir/src/bluetooth/bt_management/bt_mgmt.c.obj
E:/New_FirmIMU/src/bluetooth/bt_management/bt_mgmt.c: In function 'bt_mgmt_init':
E:/New_FirmIMU/src/bluetooth/bt_management/bt_mgmt.c:410:15: warning: unused variable 'name' [-Wunused-variable]
  410 |   static char name[CONFIG_BT_DEVICE_NAME_MAX];
      |               ^~~~
E:/New_FirmIMU/src/bluetooth/bt_management/bt_mgmt.c: At top level:
E:/New_FirmIMU/src/bluetooth/bt_management/bt_mgmt.c:410:15: warning: 'name' defined but not used [-Wunused-variable]
E:/New_FirmIMU/src/bluetooth/bt_management/bt_mgmt.c:92:39: warning: 'exchange_params' defined but not used [-Wunused-variable]
   92 | static struct bt_gatt_exchange_params exchange_params;
      |                                       ^~~~~~~~~~~~~~~
E:/New_FirmIMU/src/bluetooth/bt_management/bt_mgmt.c:83:13: warning: 'exchange_func' defined but not used [-Wunused-function]
   83 | static void exchange_func(struct bt_conn *conn, uint8_t err,
      |             ^~~~~~~~~~~~~
[233/549] Building C object zephyr/subsys/sd/CMakeFiles/subsys__sd.dir/sd_ops.c.obj
[234/549] Building C object zephyr/subsys/fs/CMakeFiles/subsys__fs.dir/fs.c.obj
[235/549] Building C object zephyr/CMakeFiles/zephyr.dir/E_/nrf/subsys/partition_manager/flash_map_partition_manager.c.obj
[236/549] Linking C static library zephyr\soc\soc\nrf5340\libsoc__nordic.a
[237/549] Building C object zephyr/subsys/bluetooth/crypto/CMakeFiles/subsys__bluetooth__crypto.dir/bt_crypto_psa.c.obj
[238/549] Generating linker_zephyr_pre0.cmd
[239/549] Building C object zephyr/subsys/bluetooth/host/CMakeFiles/subsys__bluetooth__host.dir/ecc.c.obj
[240/549] Building C object zephyr/CMakeFiles/zephyr.dir/E_/nrfxlib/crypto/nrf_cc312_platform/src/nrf_cc3xx_platform_abort_zephyr.c.obj
[241/549] Building C object zephyr/CMakeFiles/zephyr.dir/E_/nrf/subsys/bluetooth/services/nus.c.obj
[242/549] Building C object zephyr/CMakeFiles/zephyr.dir/E_/nrf/subsys/bluetooth/host_extensions/host_extensions.c.obj
[243/549] Building C object zephyr/CMakeFiles/zephyr.dir/E_/nrfxlib/crypto/nrf_cc312_platform/src/nrf_cc3xx_platform_mutex_zephyr.c.obj
[244/549] Building C object zephyr/arch/arch/arm/core/cortex_m/CMakeFiles/arch__arm__core__cortex_m.dir/fpu.c.obj
[245/549] Building ASM object zephyr/arch/arch/arm/core/cortex_m/CMakeFiles/arch__arm__core__cortex_m.dir/fault_s.S.obj
[246/549] Building C object zephyr/CMakeFiles/zephyr.dir/E_/nrf/subsys/bluetooth/hci_vs_sdc.c.obj
[247/549] Building C object zephyr/subsys/bluetooth/host/CMakeFiles/subsys__bluetooth__host.dir/crypto_psa.c.obj
[248/549] Building C object zephyr/subsys/sd/CMakeFiles/subsys__sd.dir/sdmmc.c.obj
[249/549] Building C object zephyr/subsys/bluetooth/host/CMakeFiles/subsys__bluetooth__host.dir/scan.c.obj
[250/549] Building C object zephyr/CMakeFiles/zephyr_pre0.dir/misc/empty_file.c.obj
[251/549] Building ASM object zephyr/arch/arch/arm/core/CMakeFiles/arch__arm__core.dir/nmi_on_reset.S.obj
[252/549] Building C object zephyr/arch/common/CMakeFiles/isr_tables.dir/isr_tables.c.obj
[253/549] Building C object zephyr/arch/arch/arm/core/CMakeFiles/arch__arm__core.dir/__aeabi_atexit.c.obj
[254/549] Building C object zephyr/arch/common/CMakeFiles/arch__common.dir/sw_isr_common.c.obj
[255/549] Building C object zephyr/subsys/bluetooth/host/CMakeFiles/subsys__bluetooth__host.dir/adv.c.obj
[256/549] Linking C static library zephyr\subsys\fs\libsubsys__fs.a
[257/549] Building C object zephyr/CMakeFiles/zephyr.dir/E_/nrfxlib/lc3/src/sw_codec_lc3.c.obj
[258/549] Building C object zephyr/arch/arch/arm/core/cortex_m/CMakeFiles/arch__arm__core__cortex_m.dir/exc_exit.c.obj
[259/549] Building CXX object CMakeFiles/app.dir/unicast_server/main.cpp.obj
[260/549] Building CXX object CMakeFiles/app.dir/src/Battery/PowerManager.cpp.obj
E:/New_FirmIMU/src/Battery/PowerManager.cpp: In static member function 'static void PowerManager::fuel_gauge_work_handler(k_work*)':
E:/New_FirmIMU/src/Battery/PowerManager.cpp:225:13: warning: implicit conversion from 'float' to 'double' to match other operand of binary expression [-Wdouble-promotion]
  225 |         0.8 * target_current - 2 * power_manager._battery_settings.i_term) {
      |         ~~~~^~~~~~~~~~~~~~~~
E:/New_FirmIMU/src/Battery/PowerManager.cpp:225:30: warning: implicit conversion from 'float' to 'double' to match other operand of binary expression [-Wdouble-promotion]
  225 |         0.8 * target_current - 2 * power_manager._battery_settings.i_term) {
      |         ~~~~~~~~~~~~~~~~~~~~~^~~~~~~~~~~~~~~~~~~~~~~~~~~~~~~~~~~~~~~~~~~~
E:/New_FirmIMU/src/Battery/PowerManager.cpp:224:17: warning: implicit conversion from 'float' to 'double' to match other operand of binary expression [-Wdouble-promotion]
  224 |     if (current >
      |         ~~~~~~~~^
  225 |         0.8 * target_current - 2 * power_manager._battery_settings.i_term) {
      |         ~~~~~~~~~~~~~~~~~~~~~~~~~~~~~~~~~~~~~~~~~~~~~~~~~~~~~~~~~~~~~~~~~
E:/New_FirmIMU/src/Battery/PowerManager.cpp:227:65: warning: implicit conversion from 'float' to 'double' to match other operand of binary expression [-Wdouble-promotion]
  227 |     } else if (voltage > power_manager._battery_settings.u_term - 0.02) {
      |                          ~~~~~~~~~~~~~~~~~~~~~~~~~~~~~~~~~~~~~~~^~~~~~
E:/New_FirmIMU/src/Battery/PowerManager.cpp:227:24: warning: implicit conversion from 'float' to 'double' to match other operand of binary expression [-Wdouble-promotion]
  227 |     } else if (voltage > power_manager._battery_settings.u_term - 0.02) {
      |                ~~~~~~~~^~~~~~~~~~~~~~~~~~~~~~~~~~~~~~~~~~~~~~~~~~~~~~~
E:/New_FirmIMU/src/Battery/PowerManager.cpp:259:25: warning: implicit conversion from 'float' to 'double' to match other operand of binary expression [-Wdouble-promotion]
  259 |           current > 0.5 * power_manager._battery_settings.i_term) {
      |                     ~~~~^~~~~~~~~~~~~~~~~~~~~~~~~~~~~~~~~~~~~~~~
E:/New_FirmIMU/src/Battery/PowerManager.cpp:259:19: warning: implicit conversion from 'float' to 'double' to match other operand of binary expression [-Wdouble-promotion]
  259 |           current > 0.5 * power_manager._battery_settings.i_term) {
      |           ~~~~~~~~^~~~~~~~~~~~~~~~~~~~~~~~~~~~~~~~~~~~~~~~~~~~~~
E:/New_FirmIMU/src/Battery/PowerManager.cpp: In member function 'int PowerManager::begin()':
E:/New_FirmIMU/src/Battery/PowerManager.cpp:481:50: warning: implicit conversion from 'float' to 'double' to match other operand of binary expression [-Wdouble-promotion]
  481 |   if (abs(capacity - _battery_settings.capacity) > 1e-4) {
      |       ~~~~~~~~~~~~~~~~~~~~~~~~~~~~~~~~~~~~~~~~~~~^~~~~~
E:/New_FirmIMU/src/Battery/PowerManager.cpp: At global scope:
E:/New_FirmIMU/src/Battery/PowerManager.cpp:878:3: warning: '_diag_pm2' defined but not used [-Wunused-variable]
  878 | } _diag_pm2;
      |   ^~~~~~~~~
E:/New_FirmIMU/src/Battery/PowerManager.cpp:875:3: warning: '_diag_pm' defined but not used [-Wunused-variable]
  875 | } _diag_pm;
      |   ^~~~~~~~
[261/549] Building C object zephyr/subsys/bluetooth/crypto/CMakeFiles/subsys__bluetooth__crypto.dir/bt_crypto.c.obj
[262/549] Building C object zephyr/arch/arch/arm/core/CMakeFiles/arch__arm__core.dir/nmi.c.obj
[263/549] Linking C static library zephyr\subsys\sd\libsubsys__sd.a
[264/549] Building C object zephyr/subsys/bluetooth/host/CMakeFiles/subsys__bluetooth__host.dir/keys.c.obj
[265/549] Building C object zephyr/drivers/console/CMakeFiles/drivers__console.dir/uart_console.c.obj
[266/549] Building C object zephyr/subsys/bluetooth/host/CMakeFiles/subsys__bluetooth__host.dir/id.c.obj
[267/549] Building C object zephyr/arch/arch/arm/core/CMakeFiles/arch__arm__core.dir/fatal.c.obj
[268/549] Building C object zephyr/drivers/adc/CMakeFiles/drivers__adc.dir/adc_common.c.obj
[269/549] Linking C static library zephyr\arch\common\libisr_tables.a
[270/549] Building C object zephyr/drivers/disk/CMakeFiles/drivers__disk.dir/sdmmc_subsys.c.obj
[271/549] Building C object zephyr/subsys/zbus/CMakeFiles/subsys__zbus.dir/zbus_iterable_sections.c.obj
[272/549] Building C object zephyr/arch/arch/arm/core/cortex_m/CMakeFiles/arch__arm__core__cortex_m.dir/fault.c.obj
[273/549] Building C object zephyr/drivers/bluetooth/CMakeFiles/drivers__bluetooth.dir/hci/nrf53_support.c.obj
[274/549] Building C object zephyr/subsys/zbus/CMakeFiles/subsys__zbus.dir/zbus_runtime_observers.c.obj
[275/549] Building C object zephyr/drivers/flash/CMakeFiles/drivers__flash.dir/flash_page_layout.c.obj
[276/549] Building C object zephyr/drivers/clock_control/CMakeFiles/drivers__clock_control.dir/clock_control_nrf.c.obj
[277/549] Building C object zephyr/drivers/clock_control/CMakeFiles/drivers__clock_control.dir/nrf_clock_calibration.c.obj
[278/549] Building C object zephyr/drivers/entropy/CMakeFiles/drivers__entropy.dir/E_/nrf/drivers/entropy/entropy_cc3xx.c.obj
[279/549] Building C object zephyr/subsys/zbus/CMakeFiles/subsys__zbus.dir/zbus.c.obj
[280/549] Building C object zephyr/drivers/entropy/CMakeFiles/drivers__entropy.dir/entropy_bt_hci.c.obj
[281/549] Linking C static library zephyr\subsys\bluetooth\crypto\libsubsys__bluetooth__crypto.a
[282/549] Linking C static library zephyr\drivers\disk\libdrivers__disk.a
[283/549] Linking C static library zephyr\drivers\console\libdrivers__console.a
[284/549] Building C object zephyr/drivers/adc/CMakeFiles/drivers__adc.dir/adc_nrfx_saadc.c.obj
[285/549] Linking C static library zephyr\arch\arch\arm\core\libarch__arm__core.a
[286/549] Linking C static library zephyr\libzephyr.a
[287/549] Linking C static library zephyr\arch\common\libarch__common.a
[288/549] Linking C static library zephyr\arch\arch\arm\core\cortex_m\libarch__arm__core__cortex_m.a
[289/549] Building C object zephyr/drivers/hwinfo/CMakeFiles/drivers__hwinfo.dir/hwinfo_weak_impl.c.obj
[290/549] Building C object zephyr/drivers/hwinfo/CMakeFiles/drivers__hwinfo.dir/hwinfo_nrf.c.obj
[291/549] Linking C static library zephyr\subsys\zbus\libsubsys__zbus.a
[292/549] Building C object zephyr/drivers/flash/CMakeFiles/drivers__flash.dir/soc_flash_nrf.c.obj
[293/549] Linking CXX static library app\libapp.a
[294/549] Building C object zephyr/drivers/serial/CMakeFiles/drivers__serial.dir/E_/zephyr/misc/empty_file.c.obj
[295/549] Linking C static library zephyr\drivers\clock_control\libdrivers__clock_control.a
[296/549] Building C object zephyr/drivers/pinctrl/CMakeFiles/drivers__pinctrl.dir/common.c.obj
[297/549] Linking C static library zephyr\drivers\entropy\libdrivers__entropy.a
[298/549] Building C object zephyr/drivers/i2c/CMakeFiles/drivers__i2c.dir/i2c_common.c.obj
[299/549] Building C object zephyr/drivers/regulator/CMakeFiles/drivers__regulator.dir/regulator_common.c.obj
[300/549] Linking C static library zephyr\drivers\adc\libdrivers__adc.a
[301/549] Building C object modules/nrf/lib/sfloat/CMakeFiles/..__nrf__lib__sfloat.dir/sfloat.c.obj
[302/549] Building C object zephyr/drivers/gpio/CMakeFiles/drivers__gpio.dir/gpio_nrfx.c.obj
[303/549] Building C object zephyr/drivers/bluetooth/CMakeFiles/drivers__bluetooth.dir/hci/ipc.c.obj
[304/549] Building C object zephyr/drivers/i2c/CMakeFiles/drivers__i2c.dir/i2c_nrfx_twim_common.c.obj
[305/549] Building C object zephyr/drivers/usb/common/nrf_usbd_common/CMakeFiles/drivers__usb__common__nrf_usbd_common.dir/nrf_usbd_common.c.obj
[306/549] Linking C static library zephyr\drivers\hwinfo\libdrivers__hwinfo.a
[307/549] Building C object zephyr/drivers/mbox/CMakeFiles/drivers__mbox.dir/mbox_nrfx_ipc.c.obj
[308/549] Building C object zephyr/drivers/timer/CMakeFiles/drivers__timer.dir/sys_clock_init.c.obj
[309/549] Building C object zephyr/drivers/i2c/CMakeFiles/drivers__i2c.dir/i2c_nrfx_twim.c.obj
[310/549] Building C object modules/cmsis-dsp/CMakeFiles/modules__cmsis-dsp.dir/E_/modules/lib/cmsis-dsp/Source/FastMathFunctions/arm_vlog_f16.c.obj
[311/549] Linking C static library zephyr\drivers\flash\libdrivers__flash.a
[312/549] Building C object zephyr/drivers/pinctrl/CMakeFiles/drivers__pinctrl.dir/pinctrl_nrf.c.obj
[313/549] Building C object zephyr/subsys/bluetooth/host/CMakeFiles/subsys__bluetooth__host.dir/conn.c.obj
[314/549] Linking C static library zephyr\drivers\regulator\libdrivers__regulator.a
[315/549] Building C object modules/nrf/lib/contin_array/CMakeFiles/..__nrf__lib__contin_array.dir/contin_array.c.obj
[316/549] Building C object zephyr/drivers/sdhc/CMakeFiles/drivers__sdhc.dir/sdhc_spi.c.obj
[317/549] Building C object modules/cmsis-dsp/CMakeFiles/modules__cmsis-dsp.dir/E_/modules/lib/cmsis-dsp/Source/FastMathFunctions/arm_vexp_f16.c.obj
[318/549] Building C object modules/nrf/lib/pcm_mix/CMakeFiles/..__nrf__lib__pcm_mix.dir/pcm_mix.c.obj
[319/549] Linking C static library modules\nrf\lib\sfloat\lib..__nrf__lib__sfloat.a
[320/549] Linking C static library zephyr\drivers\gpio\libdrivers__gpio.a
[321/549] Building C object modules/cmsis-dsp/CMakeFiles/modules__cmsis-dsp.dir/E_/modules/lib/cmsis-dsp/Source/FastMathFunctions/arm_vlog_q31.c.obj
[322/549] Building C object modules/nrf/lib/tone/CMakeFiles/..__nrf__lib__tone.dir/tone.c.obj
[323/549] Building C object zephyr/drivers/timer/CMakeFiles/drivers__timer.dir/nrf_rtc_timer.c.obj
[324/549] Building C object modules/cmsis-dsp/CMakeFiles/modules__cmsis-dsp.dir/E_/modules/lib/cmsis-dsp/Source/FastMathFunctions/arm_vinverse_f16.c.obj
[325/549] Linking C static library zephyr\drivers\usb\common\nrf_usbd_common\libdrivers__usb__common__nrf_usbd_common.a
[326/549] Building C object zephyr/drivers/spi/CMakeFiles/drivers__spi.dir/spi_nrfx_common.c.obj
[327/549] Building C object modules/nrf/drivers/hw_cc3xx/CMakeFiles/..__nrf__drivers__hw_cc3xx.dir/hw_cc3xx.c.obj
[328/549] Linking C static library zephyr\drivers\i2c\libdrivers__i2c.a
[329/549] Building C object modules/cmsis-dsp/CMakeFiles/modules__cmsis-dsp.dir/E_/modules/lib/cmsis-dsp/Source/FastMathFunctions/arm_vlog_q15.c.obj
[330/549] Building C object modules/nrf/subsys/nrf_security/src/zephyr/CMakeFiles/mbedtls_zephyr.dir/mbedtls_heap.c.obj
[331/549] Linking C static library zephyr\drivers\mbox\libdrivers__mbox.a
[332/549] Linking C static library zephyr\drivers\bluetooth\libdrivers__bluetooth.a
[333/549] Building C object modules/nrf/subsys/nrf_security/src/zephyr/CMakeFiles/mbedtls_zephyr.dir/psa_crypto_init.c.obj
[334/549] Building C object modules/cmsis-dsp/CMakeFiles/modules__cmsis-dsp.dir/E_/modules/lib/cmsis-dsp/Source/FastMathFunctions/arm_divide_q15.c.obj
[335/549] Building C object modules/nrf/lib/pcm_stream_channel_modifier/CMakeFiles/..__nrf__lib__pcm_stream_channel_modifier.dir/pcm_stream_channel_modifier.c.obj
[336/549] Building C object modules/nrf/lib/data_fifo/CMakeFiles/..__nrf__lib__data_fifo.dir/data_fifo.c.obj
[337/549] Linking C static library zephyr\drivers\pinctrl\libdrivers__pinctrl.a
[338/549] Linking C static library modules\nrf\lib\contin_array\lib..__nrf__lib__contin_array.a
[339/549] Building C object modules/cmsis-dsp/CMakeFiles/modules__cmsis-dsp.dir/E_/modules/lib/cmsis-dsp/Source/BasicMathFunctions/arm_abs_f64.c.obj
[340/549] Building C object modules/cmsis-dsp/CMakeFiles/modules__cmsis-dsp.dir/E_/modules/lib/cmsis-dsp/Source/BasicMathFunctions/arm_negate_f64.c.obj
[341/549] Building C object modules/cmsis-dsp/CMakeFiles/modules__cmsis-dsp.dir/E_/modules/lib/cmsis-dsp/Source/BasicMathFunctions/arm_add_f64.c.obj
[342/549] Building C object modules/cmsis-dsp/CMakeFiles/modules__cmsis-dsp.dir/E_/modules/lib/cmsis-dsp/Source/BasicMathFunctions/arm_mult_f64.c.obj
[343/549] Linking C static library modules\nrf\drivers\hw_cc3xx\lib..__nrf__drivers__hw_cc3xx.a
[344/549] Linking C static library zephyr\drivers\sdhc\libdrivers__sdhc.a
[345/549] Building C object modules/cmsis-dsp/CMakeFiles/modules__cmsis-dsp.dir/E_/modules/lib/cmsis-dsp/Source/FastMathFunctions/arm_atan2_f16.c.obj
[346/549] Building C object modules/cmsis-dsp/CMakeFiles/modules__cmsis-dsp.dir/E_/modules/lib/cmsis-dsp/Source/FastMathFunctions/arm_atan2_q31.c.obj
[347/549] Building C object modules/cmsis-dsp/CMakeFiles/modules__cmsis-dsp.dir/E_/modules/lib/cmsis-dsp/Source/BasicMathFunctions/arm_scale_f64.c.obj
[348/549] Building C object modules/cmsis-dsp/CMakeFiles/modules__cmsis-dsp.dir/E_/modules/lib/cmsis-dsp/Source/FastMathFunctions/arm_atan2_f32.c.obj
[349/549] Building C object zephyr/drivers/usb/device/CMakeFiles/drivers__usb__device.dir/usb_dc_nrfx.c.obj
[350/549] Building C object modules/cmsis-dsp/CMakeFiles/modules__cmsis-dsp.dir/E_/modules/lib/cmsis-dsp/Source/BasicMathFunctions/arm_sub_f64.c.obj
[351/549] Building C object modules/cmsis-dsp/CMakeFiles/modules__cmsis-dsp.dir/E_/modules/lib/cmsis-dsp/Source/FastMathFunctions/arm_divide_q31.c.obj
[352/549] Linking C static library modules\nrf\lib\tone\lib..__nrf__lib__tone.a
[353/549] Building C object modules/cmsis-dsp/CMakeFiles/modules__cmsis-dsp.dir/E_/modules/lib/cmsis-dsp/Source/BasicMathFunctions/arm_abs_f32.c.obj
[354/549] Building C object modules/cmsis-dsp/CMakeFiles/modules__cmsis-dsp.dir/E_/modules/lib/cmsis-dsp/Source/BasicMathFunctions/arm_dot_prod_f64.c.obj
[355/549] Building C object modules/cmsis-dsp/CMakeFiles/modules__cmsis-dsp.dir/E_/modules/lib/cmsis-dsp/Source/FastMathFunctions/arm_atan2_q15.c.obj
[356/549] Linking C static library modules\nrf\lib\pcm_mix\lib..__nrf__lib__pcm_mix.a
[357/549] Building C object modules/cmsis-dsp/CMakeFiles/modules__cmsis-dsp.dir/E_/modules/lib/cmsis-dsp/Source/BasicMathFunctions/arm_offset_f64.c.obj
[358/549] Building C object zephyr/subsys/bluetooth/host/CMakeFiles/subsys__bluetooth__host.dir/l2cap.c.obj
[359/549] Linking C static library zephyr\drivers\timer\libdrivers__timer.a
[360/549] Building C object modules/cmsis-dsp/CMakeFiles/modules__cmsis-dsp.dir/E_/modules/lib/cmsis-dsp/Source/BasicMathFunctions/arm_add_f32.c.obj
[361/549] Linking C static library modules\nrf\subsys\nrf_security\src\zephyr\libmbedtls_zephyr.a
[362/549] Building C object modules/cmsis-dsp/CMakeFiles/modules__cmsis-dsp.dir/E_/modules/lib/cmsis-dsp/Source/BasicMathFunctions/arm_clip_f32.c.obj
[363/549] Linking C static library modules\nrf\lib\pcm_stream_channel_modifier\lib..__nrf__lib__pcm_stream_channel_modifier.a
[364/549] Linking C static library modules\nrf\lib\data_fifo\lib..__nrf__lib__data_fifo.a
[365/549] Building C object modules/cmsis-dsp/CMakeFiles/modules__cmsis-dsp.dir/E_/modules/lib/cmsis-dsp/Source/BasicMathFunctions/arm_scale_f32.c.obj
[366/549] Building C object zephyr/subsys/bluetooth/host/CMakeFiles/subsys__bluetooth__host.dir/att.c.obj
[367/549] Building C object zephyr/subsys/bluetooth/host/CMakeFiles/subsys__bluetooth__host.dir/smp.c.obj
[368/549] Building C object zephyr/subsys/bluetooth/host/CMakeFiles/subsys__bluetooth__host.dir/gatt.c.obj
[369/549] Building C object modules/cmsis-dsp/CMakeFiles/modules__cmsis-dsp.dir/E_/modules/lib/cmsis-dsp/Source/BasicMathFunctions/arm_dot_prod_f32.c.obj
[370/549] Building C object modules/cmsis-dsp/CMakeFiles/modules__cmsis-dsp.dir/E_/modules/lib/cmsis-dsp/Source/BasicMathFunctions/arm_sub_f32.c.obj
[371/549] Building C object modules/cmsis-dsp/CMakeFiles/modules__cmsis-dsp.dir/E_/modules/lib/cmsis-dsp/Source/BasicMathFunctions/arm_clip_f16.c.obj
[372/549] Building C object modules/cmsis-dsp/CMakeFiles/modules__cmsis-dsp.dir/E_/modules/lib/cmsis-dsp/Source/BasicMathFunctions/arm_sub_f16.c.obj
[373/549] Building C object modules/cmsis-dsp/CMakeFiles/modules__cmsis-dsp.dir/E_/modules/lib/cmsis-dsp/Source/BasicMathFunctions/arm_add_f16.c.obj
[374/549] Building C object modules/cmsis-dsp/CMakeFiles/modules__cmsis-dsp.dir/E_/modules/lib/cmsis-dsp/Source/BasicMathFunctions/arm_dot_prod_f16.c.obj
[375/549] Building C object modules/cmsis-dsp/CMakeFiles/modules__cmsis-dsp.dir/E_/modules/lib/cmsis-dsp/Source/BasicMathFunctions/arm_offset_f32.c.obj
[376/549] Building C object modules/cmsis-dsp/CMakeFiles/modules__cmsis-dsp.dir/E_/modules/lib/cmsis-dsp/Source/BasicMathFunctions/arm_mult_f32.c.obj
[377/549] Building C object modules/cmsis-dsp/CMakeFiles/modules__cmsis-dsp.dir/E_/modules/lib/cmsis-dsp/Source/BasicMathFunctions/arm_offset_f16.c.obj
[378/549] Building C object modules/cmsis-dsp/CMakeFiles/modules__cmsis-dsp.dir/E_/modules/lib/cmsis-dsp/Source/BasicMathFunctions/arm_abs_f16.c.obj
[379/549] Linking C static library zephyr\drivers\usb\device\libdrivers__usb__device.a
[380/549] Building C object modules/cmsis-dsp/CMakeFiles/modules__cmsis-dsp.dir/E_/modules/lib/cmsis-dsp/Source/BasicMathFunctions/arm_negate_f32.c.obj
[381/549] Building C object modules/cmsis-dsp/CMakeFiles/modules__cmsis-dsp.dir/E_/modules/lib/cmsis-dsp/Source/BasicMathFunctions/arm_abs_q15.c.obj
[382/549] Building C object modules/cmsis-dsp/CMakeFiles/modules__cmsis-dsp.dir/E_/modules/lib/cmsis-dsp/Source/BasicMathFunctions/arm_mult_f16.c.obj
[383/549] Building C object modules/cmsis-dsp/CMakeFiles/modules__cmsis-dsp.dir/E_/modules/lib/cmsis-dsp/Source/BasicMathFunctions/arm_clip_q31.c.obj
[384/549] Building C object modules/cmsis-dsp/CMakeFiles/modules__cmsis-dsp.dir/E_/modules/lib/cmsis-dsp/Source/BasicMathFunctions/arm_scale_f16.c.obj
[385/549] Building C object modules/cmsis-dsp/CMakeFiles/modules__cmsis-dsp.dir/E_/modules/lib/cmsis-dsp/Source/BasicMathFunctions/arm_negate_f16.c.obj
[386/549] Building C object modules/cmsis-dsp/CMakeFiles/modules__cmsis-dsp.dir/E_/modules/lib/cmsis-dsp/Source/BasicMathFunctions/arm_add_q31.c.obj
[387/549] Building C object modules/cmsis-dsp/CMakeFiles/modules__cmsis-dsp.dir/E_/modules/lib/cmsis-dsp/Source/BasicMathFunctions/arm_mult_q31.c.obj
[388/549] Building C object modules/cmsis-dsp/CMakeFiles/modules__cmsis-dsp.dir/E_/modules/lib/cmsis-dsp/Source/BasicMathFunctions/arm_dot_prod_q31.c.obj
[389/549] Building C object modules/cmsis-dsp/CMakeFiles/modules__cmsis-dsp.dir/E_/modules/lib/cmsis-dsp/Source/BasicMathFunctions/arm_offset_q31.c.obj
[390/549] Building C object modules/cmsis-dsp/CMakeFiles/modules__cmsis-dsp.dir/E_/modules/lib/cmsis-dsp/Source/BasicMathFunctions/arm_negate_q31.c.obj
[391/549] Building C object modules/cmsis-dsp/CMakeFiles/modules__cmsis-dsp.dir/E_/modules/lib/cmsis-dsp/Source/BasicMathFunctions/arm_shift_q31.c.obj
[392/549] Building C object modules/cmsis-dsp/CMakeFiles/modules__cmsis-dsp.dir/E_/modules/lib/cmsis-dsp/Source/BasicMathFunctions/arm_sub_q31.c.obj
[393/549] Building C object modules/cmsis-dsp/CMakeFiles/modules__cmsis-dsp.dir/E_/modules/lib/cmsis-dsp/Source/BasicMathFunctions/arm_scale_q31.c.obj
[394/549] Building C object modules/cmsis-dsp/CMakeFiles/modules__cmsis-dsp.dir/E_/modules/lib/cmsis-dsp/Source/BasicMathFunctions/arm_negate_q15.c.obj
[395/549] Building C object modules/cmsis-dsp/CMakeFiles/modules__cmsis-dsp.dir/E_/modules/lib/cmsis-dsp/Source/BasicMathFunctions/arm_dot_prod_q15.c.obj
[396/549] Building C object modules/cmsis-dsp/CMakeFiles/modules__cmsis-dsp.dir/E_/modules/lib/cmsis-dsp/Source/BasicMathFunctions/arm_abs_q31.c.obj
[397/549] Building C object zephyr/drivers/spi/CMakeFiles/drivers__spi.dir/spi_nrfx_spim.c.obj
[398/549] Building C object modules/cmsis-dsp/CMakeFiles/modules__cmsis-dsp.dir/E_/modules/lib/cmsis-dsp/Source/BasicMathFunctions/arm_sub_q15.c.obj
[399/549] Building C object modules/cmsis-dsp/CMakeFiles/modules__cmsis-dsp.dir/E_/modules/lib/cmsis-dsp/Source/BasicMathFunctions/arm_clip_q15.c.obj
[400/549] Building C object modules/cmsis-dsp/CMakeFiles/modules__cmsis-dsp.dir/E_/modules/lib/cmsis-dsp/Source/BasicMathFunctions/arm_abs_q7.c.obj
[401/549] Building C object modules/cmsis-dsp/CMakeFiles/modules__cmsis-dsp.dir/E_/modules/lib/cmsis-dsp/Source/BasicMathFunctions/arm_mult_q15.c.obj
[402/549] Building C object modules/cmsis-dsp/CMakeFiles/modules__cmsis-dsp.dir/E_/modules/lib/cmsis-dsp/Source/BasicMathFunctions/arm_add_q7.c.obj
[403/549] Building C object modules/cmsis-dsp/CMakeFiles/modules__cmsis-dsp.dir/E_/modules/lib/cmsis-dsp/Source/BasicMathFunctions/arm_offset_q15.c.obj
[404/549] Building C object modules/cmsis-dsp/CMakeFiles/modules__cmsis-dsp.dir/E_/modules/lib/cmsis-dsp/Source/BasicMathFunctions/arm_add_q15.c.obj
[405/549] Building C object modules/cmsis-dsp/CMakeFiles/modules__cmsis-dsp.dir/E_/modules/lib/cmsis-dsp/Source/BasicMathFunctions/arm_scale_q15.c.obj
[406/549] Building C object modules/cmsis-dsp/CMakeFiles/modules__cmsis-dsp.dir/E_/modules/lib/cmsis-dsp/Source/BasicMathFunctions/arm_negate_q7.c.obj
[407/549] Building C object modules/cmsis-dsp/CMakeFiles/modules__cmsis-dsp.dir/E_/modules/lib/cmsis-dsp/Source/BasicMathFunctions/arm_not_u32.c.obj
[408/549] Building C object modules/cmsis-dsp/CMakeFiles/modules__cmsis-dsp.dir/E_/modules/lib/cmsis-dsp/Source/BasicMathFunctions/arm_offset_q7.c.obj
[409/549] Building C object modules/cmsis-dsp/CMakeFiles/modules__cmsis-dsp.dir/E_/modules/lib/cmsis-dsp/Source/BasicMathFunctions/arm_sub_q7.c.obj
[410/549] Building C object modules/cmsis-dsp/CMakeFiles/modules__cmsis-dsp.dir/E_/modules/lib/cmsis-dsp/Source/BasicMathFunctions/arm_shift_q15.c.obj
[411/549] Building C object modules/cmsis-dsp/CMakeFiles/modules__cmsis-dsp.dir/E_/modules/lib/cmsis-dsp/Source/BasicMathFunctions/arm_mult_q7.c.obj
[412/549] Building C object modules/cmsis-dsp/CMakeFiles/modules__cmsis-dsp.dir/E_/modules/lib/cmsis-dsp/Source/BasicMathFunctions/arm_dot_prod_q7.c.obj
[413/549] Building C object modules/cmsis-dsp/CMakeFiles/modules__cmsis-dsp.dir/E_/modules/lib/cmsis-dsp/Source/BasicMathFunctions/arm_shift_q7.c.obj
[414/549] Building C object modules/cmsis-dsp/CMakeFiles/modules__cmsis-dsp.dir/E_/modules/lib/cmsis-dsp/Source/BasicMathFunctions/arm_clip_q7.c.obj
[415/549] Building C object modules/cmsis-dsp/CMakeFiles/modules__cmsis-dsp.dir/E_/modules/lib/cmsis-dsp/Source/BasicMathFunctions/arm_and_u16.c.obj
[416/549] Building C object modules/cmsis-dsp/CMakeFiles/modules__cmsis-dsp.dir/E_/modules/lib/cmsis-dsp/Source/BasicMathFunctions/arm_and_u32.c.obj
[417/549] Building C object modules/cmsis-dsp/CMakeFiles/modules__cmsis-dsp.dir/E_/modules/lib/cmsis-dsp/Source/BasicMathFunctions/arm_or_u8.c.obj
[418/549] Building C object modules/cmsis-dsp/CMakeFiles/modules__cmsis-dsp.dir/E_/modules/lib/cmsis-dsp/Source/BasicMathFunctions/arm_and_u8.c.obj
[419/549] Building C object modules/cmsis-dsp/CMakeFiles/modules__cmsis-dsp.dir/E_/modules/lib/cmsis-dsp/Source/BasicMathFunctions/arm_not_u16.c.obj
[420/549] Building C object modules/cmsis-dsp/CMakeFiles/modules__cmsis-dsp.dir/E_/modules/lib/cmsis-dsp/Source/BasicMathFunctions/arm_xor_u8.c.obj
[421/549] Building C object modules/cmsis-dsp/CMakeFiles/modules__cmsis-dsp.dir/E_/modules/lib/cmsis-dsp/Source/BasicMathFunctions/arm_xor_u32.c.obj
[422/549] Building C object modules/cmsis-dsp/CMakeFiles/modules__cmsis-dsp.dir/E_/modules/lib/cmsis-dsp/Source/BasicMathFunctions/arm_or_u32.c.obj
[423/549] Building C object modules/cmsis-dsp/CMakeFiles/modules__cmsis-dsp.dir/E_/modules/lib/cmsis-dsp/Source/FastMathFunctions/arm_cos_q15.c.obj
[424/549] Building C object modules/cmsis-dsp/CMakeFiles/modules__cmsis-dsp.dir/E_/modules/lib/cmsis-dsp/Source/CommonTables/arm_const_structs_f16.c.obj
[425/549] Building C object modules/cmsis-dsp/CMakeFiles/modules__cmsis-dsp.dir/E_/modules/lib/cmsis-dsp/Source/BasicMathFunctions/arm_or_u16.c.obj
[426/549] Building C object modules/cmsis-dsp/CMakeFiles/modules__cmsis-dsp.dir/E_/modules/lib/cmsis-dsp/Source/BasicMathFunctions/arm_not_u8.c.obj
[427/549] Building C object modules/cmsis-dsp/CMakeFiles/modules__cmsis-dsp.dir/E_/modules/lib/cmsis-dsp/Source/FastMathFunctions/arm_sin_f32.c.obj
[428/549] Building C object zephyr/subsys/bluetooth/host/CMakeFiles/subsys__bluetooth__host.dir/hci_core.c.obj
[429/549] Building C object modules/cmsis-dsp/CMakeFiles/modules__cmsis-dsp.dir/E_/modules/lib/cmsis-dsp/Source/FastMathFunctions/arm_sqrt_q15.c.obj
[430/549] Building C object modules/cmsis-dsp/CMakeFiles/modules__cmsis-dsp.dir/E_/modules/lib/cmsis-dsp/Source/BasicMathFunctions/arm_xor_u16.c.obj
[431/549] Linking C static library zephyr\drivers\spi\libdrivers__spi.a
[432/549] Building C object modules/cmsis-dsp/CMakeFiles/modules__cmsis-dsp.dir/E_/modules/lib/cmsis-dsp/Source/FastMathFunctions/arm_cos_f32.c.obj
[433/549] Building C object modules/cmsis-dsp/CMakeFiles/modules__cmsis-dsp.dir/E_/modules/lib/cmsis-dsp/Source/CommonTables/arm_const_structs.c.obj
[434/549] Building C object modules/cmsis-dsp/CMakeFiles/modules__cmsis-dsp.dir/E_/modules/lib/cmsis-dsp/Source/FastMathFunctions/arm_cos_q31.c.obj
[435/549] Building C object modules/cmsis-dsp/CMakeFiles/modules__cmsis-dsp.dir/E_/modules/lib/cmsis-dsp/Source/FastMathFunctions/arm_sin_q31.c.obj
[436/549] Building C object modules/cmsis-dsp/CMakeFiles/modules__cmsis-dsp.dir/E_/modules/lib/cmsis-dsp/Source/FastMathFunctions/arm_sqrt_q31.c.obj
[437/549] Building C object modules/cmsis-dsp/CMakeFiles/modules__cmsis-dsp.dir/E_/modules/lib/cmsis-dsp/Source/FastMathFunctions/arm_vlog_f64.c.obj
[438/549] Building C object modules/cmsis-dsp/CMakeFiles/modules__cmsis-dsp.dir/E_/modules/lib/cmsis-dsp/Source/FastMathFunctions/arm_vexp_f64.c.obj
[439/549] Building C object modules/fatfs/CMakeFiles/modules__fatfs.dir/E_/modules/fs/fatfs/option/ffunicode.c.obj
[440/549] Building C object modules/cmsis-dsp/CMakeFiles/modules__cmsis-dsp.dir/E_/modules/lib/cmsis-dsp/Source/FastMathFunctions/arm_vexp_f32.c.obj
[441/549] Building C object modules/cmsis-dsp/CMakeFiles/modules__cmsis-dsp.dir/E_/modules/lib/cmsis-dsp/Source/FastMathFunctions/arm_sin_q15.c.obj
[442/549] Building C object modules/cmsis-dsp/CMakeFiles/modules__cmsis-dsp.dir/E_/modules/lib/cmsis-dsp/Source/FastMathFunctions/arm_vlog_f32.c.obj
[443/549] Building C object modules/cmsis-dsp/CMakeFiles/modules__cmsis-dsp.dir/E_/modules/lib/cmsis-dsp/Source/CommonTables/arm_common_tables_f16.c.obj
[444/549] Building C object modules/hal_nordic/modules/hal_nordic/nrfx/CMakeFiles/modules__hal_nordic__nrfx.dir/E_/modules/hal/nordic/nrfx/mdk/system_nrf5340_application.c.obj
[445/549] Building C object modules/hal_nordic/modules/hal_nordic/nrfx/CMakeFiles/modules__hal_nordic__nrfx.dir/E_/modules/hal/nordic/nrfx/helpers/nrfx_flag32_allocator.c.obj
[446/549] Building C object modules/fatfs/CMakeFiles/modules__fatfs.dir/zfs_ffsystem.c.obj
[447/549] Building C object modules/fatfs/CMakeFiles/modules__fatfs.dir/zfs_diskio.c.obj
[448/549] Building C object modules/libmetal/libmetal/lib/CMakeFiles/metal.dir/version.c.obj
[449/549] Building C object modules/hal_nordic/modules/hal_nordic/nrfx/CMakeFiles/modules__hal_nordic__nrfx.dir/nrfx_glue.c.obj
[450/549] Building C object modules/hal_nordic/modules/hal_nordic/nrfx/CMakeFiles/modules__hal_nordic__nrfx.dir/E_/modules/hal/nordic/nrfx/helpers/nrfx_ram_ctrl.c.obj
[451/549] Linking C static library zephyr\subsys\bluetooth\host\libsubsys__bluetooth__host.a
[452/549] Building C object modules/hal_nordic/modules/hal_nordic/nrfx/CMakeFiles/modules__hal_nordic__nrfx.dir/E_/modules/hal/nordic/nrfx/drivers/src/nrfx_power.c.obj
[453/549] Building C object modules/libmetal/libmetal/lib/CMakeFiles/metal.dir/init.c.obj
[454/549] Building C object modules/hal_nordic/modules/hal_nordic/nrfx/CMakeFiles/modules__hal_nordic__nrfx.dir/E_/modules/hal/nordic/nrfx/drivers/src/nrfx_usbreg.c.obj
[455/549] Building C object modules/hal_nordic/modules/hal_nordic/nrfx/CMakeFiles/modules__hal_nordic__nrfx.dir/E_/modules/hal/nordic/nrfx/drivers/src/nrfx_nvmc.c.obj
[456/549] Building C object modules/libmetal/libmetal/lib/CMakeFiles/metal.dir/io.c.obj
[457/549] Building C object modules/libmetal/libmetal/lib/CMakeFiles/metal.dir/dma.c.obj
[458/549] Building C object modules/libmetal/libmetal/lib/CMakeFiles/metal.dir/device.c.obj
[459/549] Building C object modules/hal_nordic/modules/hal_nordic/nrfx/CMakeFiles/modules__hal_nordic__nrfx.dir/E_/modules/hal/nordic/nrfx/drivers/src/nrfx_ipc.c.obj
[460/549] Building C object modules/hal_nordic/modules/hal_nordic/nrfx/CMakeFiles/modules__hal_nordic__nrfx.dir/E_/modules/hal/nordic/nrfx/drivers/src/nrfx_clock.c.obj
[461/549] Building C object modules/libmetal/libmetal/lib/CMakeFiles/metal.dir/irq.c.obj
[462/549] Building C object modules/libmetal/libmetal/lib/CMakeFiles/metal.dir/softirq.c.obj
[463/549] Building C object modules/hal_nordic/modules/hal_nordic/nrfx/CMakeFiles/modules__hal_nordic__nrfx.dir/E_/modules/hal/nordic/nrfx/drivers/src/nrfx_twi_twim.c.obj
[464/549] Building C object modules/cmsis-dsp/CMakeFiles/modules__cmsis-dsp.dir/E_/modules/lib/cmsis-dsp/Source/BasicMathFunctions/arm_scale_q7.c.obj
[465/549] Building C object modules/fatfs/CMakeFiles/modules__fatfs.dir/E_/modules/fs/fatfs/ff.c.obj
[466/549] Building C object modules/open-amp/open-amp/lib/CMakeFiles/open_amp.dir/version.c.obj
[467/549] Building C object modules/libmetal/libmetal/lib/CMakeFiles/metal.dir/system/zephyr/device.c.obj
[468/549] Building C object modules/libmetal/libmetal/lib/CMakeFiles/metal.dir/system/zephyr/alloc.c.obj
[469/549] Building C object modules/libmetal/libmetal/lib/CMakeFiles/metal.dir/log.c.obj
[470/549] Building C object modules/libmetal/libmetal/lib/CMakeFiles/metal.dir/system/zephyr/condition.c.obj
[471/549] Building C object modules/libmetal/libmetal/lib/CMakeFiles/metal.dir/system/zephyr/irq.c.obj
[472/549] Building C object modules/libmetal/libmetal/lib/CMakeFiles/metal.dir/shmem.c.obj
[473/549] Building C object modules/hal_nordic/modules/hal_nordic/nrfx/CMakeFiles/modules__hal_nordic__nrfx.dir/E_/modules/hal/nordic/nrfx/helpers/nrfx_gppi_ppi.c.obj
[474/549] Building C object modules/hal_nordic/modules/hal_nordic/nrfx/CMakeFiles/modules__hal_nordic__nrfx.dir/E_/modules/hal/nordic/nrfx/drivers/src/nrfx_rtc.c.obj
[475/549] Building C object modules/libmetal/libmetal/lib/CMakeFiles/metal.dir/system/zephyr/init.c.obj
[476/549] Building C object modules/libmetal/libmetal/lib/CMakeFiles/metal.dir/system/zephyr/log.c.obj
[477/549] Building C object modules/hal_nordic/modules/hal_nordic/nrfx/CMakeFiles/modules__hal_nordic__nrfx.dir/E_/modules/hal/nordic/nrfx/helpers/nrfx_gppi_dppi.c.obj
[478/549] Building C object modules/hal_nordic/modules/hal_nordic/nrfx/CMakeFiles/modules__hal_nordic__nrfx.dir/E_/modules/hal/nordic/nrfx/drivers/src/nrfx_timer.c.obj
[479/549] Building C object modules/cmsis-dsp/CMakeFiles/modules__cmsis-dsp.dir/E_/modules/lib/cmsis-dsp/Source/CommonTables/arm_common_tables.c.obj
[480/549] Building C object modules/libmetal/libmetal/lib/CMakeFiles/metal.dir/system/zephyr/shmem.c.obj
[481/549] Building C object modules/libmetal/libmetal/lib/CMakeFiles/metal.dir/system/zephyr/sys.c.obj
[482/549] Building C object modules/libmetal/libmetal/lib/CMakeFiles/metal.dir/system/zephyr/time.c.obj
[483/549] Linking C static library modules\fatfs\libmodules__fatfs.a
[484/549] Building C object modules/hal_nordic/modules/hal_nordic/nrfx/CMakeFiles/modules__hal_nordic__nrfx.dir/E_/modules/hal/nordic/nrfx/drivers/src/nrfx_dppi.c.obj
[485/549] Building C object zephyr/kernel/CMakeFiles/kernel.dir/init_static.c.obj
[486/549] Building C object modules/hal_nordic/modules/hal_nordic/nrfx/CMakeFiles/modules__hal_nordic__nrfx.dir/E_/modules/hal/nordic/nrfx/drivers/src/nrfx_i2s.c.obj
[487/549] Building C object modules/open-amp/open-amp/lib/CMakeFiles/open_amp.dir/virtio/virtio.c.obj
[488/549] Building C object modules/open-amp/open-amp/lib/CMakeFiles/open_amp.dir/rpmsg/rpmsg.c.obj
[489/549] Building C object zephyr/kernel/CMakeFiles/kernel.dir/device.c.obj
[490/549] Building C object zephyr/kernel/CMakeFiles/kernel.dir/version.c.obj
[491/549] Building C object modules/segger/CMakeFiles/modules__segger.dir/E_/modules/debug/segger/SEGGER/SEGGER_RTT.c.obj
[492/549] Building C object modules/hal_nordic/modules/hal_nordic/nrfx/CMakeFiles/modules__hal_nordic__nrfx.dir/E_/modules/hal/nordic/nrfx/drivers/src/nrfx_pwm.c.obj
[493/549] Building C object modules/open-amp/open-amp/lib/CMakeFiles/open_amp.dir/remoteproc/rsc_table_parser.c.obj
[494/549] Building C object modules/open-amp/open-amp/lib/CMakeFiles/open_amp.dir/virtio/virtqueue.c.obj
[495/549] Building C object modules/open-amp/open-amp/lib/CMakeFiles/open_amp.dir/remoteproc/remoteproc_virtio.c.obj
[496/549] Building C object zephyr/kernel/CMakeFiles/kernel.dir/banner.c.obj
[497/549] Building C object modules/segger/CMakeFiles/modules__segger.dir/SEGGER_RTT_zephyr.c.obj
[498/549] Building C object zephyr/kernel/CMakeFiles/kernel.dir/busy_wait.c.obj
[499/549] Building C object modules/open-amp/open-amp/lib/CMakeFiles/open_amp.dir/remoteproc/elf_loader.c.obj
[500/549] Building C object modules/open-amp/open-amp/lib/CMakeFiles/open_amp.dir/rpmsg/rpmsg_virtio.c.obj
[501/549] Building C object modules/open-amp/open-amp/lib/CMakeFiles/open_amp.dir/utils/utilities.c.obj
[502/549] Building C object modules/open-amp/open-amp/lib/CMakeFiles/open_amp.dir/remoteproc/remoteproc.c.obj
[503/549] Building C object zephyr/kernel/CMakeFiles/kernel.dir/main_weak.c.obj
[504/549] Building C object zephyr/kernel/CMakeFiles/kernel.dir/kheap.c.obj
[505/549] Building C object zephyr/kernel/CMakeFiles/kernel.dir/errno.c.obj
[506/549] Linking C static library modules\libmetal\libmetal\lib\libmetal.a
[507/549] Building C object zephyr/kernel/CMakeFiles/kernel.dir/mem_slab.c.obj
[508/549] Building C object zephyr/kernel/CMakeFiles/kernel.dir/float.c.obj
[509/549] Building C object zephyr/kernel/CMakeFiles/kernel.dir/idle.c.obj
[510/549] Building C object zephyr/kernel/CMakeFiles/kernel.dir/system_work_q.c.obj
[511/549] Building C object zephyr/kernel/CMakeFiles/kernel.dir/fatal.c.obj
[512/549] Linking C static library modules\segger\libmodules__segger.a
[513/549] Building C object zephyr/kernel/CMakeFiles/kernel.dir/init.c.obj
[514/549] Building C object zephyr/kernel/CMakeFiles/kernel.dir/priority_queues.c.obj
[515/549] Building C object zephyr/kernel/CMakeFiles/kernel.dir/condvar.c.obj
[516/549] Building C object zephyr/kernel/CMakeFiles/kernel.dir/mailbox.c.obj
[517/549] Building C object zephyr/kernel/CMakeFiles/kernel.dir/sem.c.obj
[518/549] Building C object zephyr/kernel/CMakeFiles/kernel.dir/xip.c.obj
[519/549] Linking C static library modules\open-amp\open-amp\lib\libopen_amp.a
[520/549] Building C object modules/hal_nordic/modules/hal_nordic/nrfx/CMakeFiles/modules__hal_nordic__nrfx.dir/E_/modules/hal/nordic/nrfx/drivers/src/nrfx_gpiote.c.obj
[521/549] Building C object modules/hal_nordic/modules/hal_nordic/nrfx/CMakeFiles/modules__hal_nordic__nrfx.dir/E_/modules/hal/nordic/nrfx/drivers/src/nrfx_twim.c.obj
[522/549] Building C object zephyr/kernel/CMakeFiles/kernel.dir/msg_q.c.obj
[523/549] Building C object zephyr/kernel/CMakeFiles/kernel.dir/queue.c.obj
[524/549] Linking C static library modules\cmsis-dsp\libmodules__cmsis-dsp.a
[525/549] Building C object zephyr/kernel/CMakeFiles/kernel.dir/stack.c.obj
[526/549] Building C object zephyr/kernel/CMakeFiles/kernel.dir/timeslicing.c.obj
[527/549] Building C object zephyr/drivers/serial/CMakeFiles/drivers__serial.dir/uart_nrfx_uarte.c.obj
[528/549] Building C object zephyr/kernel/CMakeFiles/kernel.dir/spinlock_validate.c.obj
[529/549] Building C object zephyr/kernel/CMakeFiles/kernel.dir/timer.c.obj
[530/549] Building C object zephyr/kernel/CMakeFiles/kernel.dir/timeout.c.obj
[531/549] Building C object zephyr/kernel/CMakeFiles/kernel.dir/thread.c.obj
[532/549] Building C object zephyr/kernel/CMakeFiles/kernel.dir/mempool.c.obj
[533/549] Building C object zephyr/kernel/CMakeFiles/kernel.dir/dynamic_disabled.c.obj
[534/549] Building C object modules/hal_nordic/modules/hal_nordic/nrfx/CMakeFiles/modules__hal_nordic__nrfx.dir/E_/modules/hal/nordic/nrfx/drivers/src/nrfx_spim.c.obj
[535/549] Building C object zephyr/kernel/CMakeFiles/kernel.dir/poll.c.obj
[536/549] Building C object zephyr/kernel/CMakeFiles/kernel.dir/events.c.obj
[537/549] Building C object zephyr/kernel/CMakeFiles/kernel.dir/mutex.c.obj
[538/549] Linking C static library zephyr\drivers\serial\libdrivers__serial.a
[539/549] Building C object zephyr/kernel/CMakeFiles/kernel.dir/work.c.obj
[540/549] Building C object zephyr/kernel/CMakeFiles/kernel.dir/usage.c.obj
[541/549] Linking C static library modules\hal_nordic\modules\hal_nordic\nrfx\libmodules__hal_nordic__nrfx.a
[542/549] Building C object zephyr/kernel/CMakeFiles/kernel.dir/sched.c.obj
[543/549] Linking C static library zephyr\kernel\libkernel.a
[544/549] Linking CXX executable zephyr\zephyr_pre0.elf
[545/549] Generating linker.cmd
[546/549] Generating isr_tables.c, isr_tables_vt.ld, isr_tables_swi.ld
[547/549] Building C object zephyr/CMakeFiles/zephyr_final.dir/misc/empty_file.c.obj
[548/549] Building C object zephyr/CMakeFiles/zephyr_final.dir/isr_tables.c.obj
[549/549] Linking CXX executable zephyr\zephyr.elf
Memory region         Used Size  Region Size  %age Used
           FLASH:      440548 B      1008 KB     42.68%
             RAM:      192724 B       448 KB     42.01%
        IDT_LIST:          0 GB        32 KB      0.00%
Generating files from E:/New_FirmIMU/build/New_FirmIMU/zephyr/zephyr.elf for board: openearable_v2
[10/20] No configure step for 'ipc_radio'
[11/20] Performing build step for 'ipc_radio'
[1/212] Generating ../../zephyr/include/generated/zephyr_commit.h
[2/212] Generating ../../zephyr/include/generated/ncs_version.h
[3/212] Generating ../../zephyr/include/generated/ncs_commit.h
[4/212] Generating include/generated/zephyr/version.h
-- Zephyr version: 4.0.99 (E:/zephyr), build: v4.0.99-ncs1-1
[5/212] Generating misc/generated/syscalls.json, misc/generated/struct_tags.json
[6/212] Generating include/generated/device-api-sections.ld, include/generated/device-api-sections.cmake
[7/212] Generating include/generated/zephyr/driver-validation.h
[8/212] Generating include/generated/zephyr/syscall_dispatch.c, include/generated/zephyr/syscall_exports_llext.c, syscall_weakdefs_llext.c, include/generated/zephyr/syscall_list.h
[9/212] Generating include/generated/zephyr/kobj-types-enum.h, include/generated/zephyr/otype-to-str.h, include/generated/zephyr/otype-to-size.h
[10/212] Building C object zephyr/CMakeFiles/offsets.dir/arch/arm/core/offsets/offsets.c.obj
[11/212] Generating include/generated/zephyr/offsets.h
[12/212] Building C object zephyr/CMakeFiles/zephyr.dir/lib/utils/last_section_id.c.obj
[13/212] Building C object zephyr/CMakeFiles/zephyr.dir/lib/utils/hex.c.obj
[14/212] Building C object zephyr/CMakeFiles/zephyr.dir/misc/generated/configs.c.obj
[15/212] Building C object zephyr/CMakeFiles/zephyr.dir/lib/utils/dec.c.obj
[16/212] Building C object zephyr/drivers/pinctrl/CMakeFiles/drivers__pinctrl.dir/common.c.obj
[17/212] Generating linker_zephyr_pre0.cmd
[18/212] Building C object zephyr/drivers/timer/CMakeFiles/drivers__timer.dir/sys_clock_init.c.obj
[19/212] Building C object zephyr/CMakeFiles/zephyr.dir/lib/utils/timeutil.c.obj
[20/212] Building C object zephyr/CMakeFiles/zephyr.dir/E_/nrf/lib/boot_banner/banner.c.obj
[21/212] Building C object zephyr/drivers/mbox/CMakeFiles/drivers__mbox.dir/mbox_nrfx_ipc.c.obj
[22/212] Building C object zephyr/CMakeFiles/zephyr.dir/lib/os/assert.c.obj
[23/212] Building C object zephyr/CMakeFiles/zephyr.dir/subsys/mem_mgmt/mem_attr.c.obj
[24/212] Building C object zephyr/CMakeFiles/zephyr.dir/E_/nrf/subsys/partition_manager/flash_map_partition_manager.c.obj
[25/212] Building C object modules/nrf/lib/multithreading_lock/CMakeFiles/..__nrf__lib__multithreading_lock.dir/multithreading_lock.c.obj
[26/212] Building C object zephyr/CMakeFiles/zephyr.dir/lib/os/sem.c.obj
[27/212] Building C object CMakeFiles/app.dir/src/main.c.obj
[28/212] Building C object zephyr/CMakeFiles/zephyr.dir/lib/os/thread_entry.c.obj
[29/212] Building C object zephyr/CMakeFiles/zephyr.dir/subsys/tracing/tracing_none.c.obj
[30/212] Building C object zephyr/CMakeFiles/zephyr.dir/E_/nrf/subsys/bluetooth/host_extensions/host_extensions.c.obj
[31/212] Building C object zephyr/CMakeFiles/zephyr.dir/lib/os/printk.c.obj
[32/212] Building C object modules/nrf/subsys/bluetooth/controller/CMakeFiles/..__nrf__subsys__bluetooth__controller.dir/hci_driver.c.obj
[33/212] Building C object zephyr/CMakeFiles/zephyr_pre0.dir/misc/empty_file.c.obj
[34/212] Building C object zephyr/CMakeFiles/zephyr.dir/lib/utils/notify.c.obj
[35/212] Building C object zephyr/CMakeFiles/zephyr.dir/lib/heap/heap.c.obj
[36/212] Building C object zephyr/drivers/timer/CMakeFiles/drivers__timer.dir/nrf_rtc_timer.c.obj
[37/212] Building C object zephyr/CMakeFiles/zephyr.dir/lib/utils/onoff.c.obj
[38/212] Linking C static library zephyr\drivers\mbox\libdrivers__mbox.a
[39/212] Building C object CMakeFiles/app.dir/src/bt_hci_ipc.c.obj
[40/212] Building C object zephyr/CMakeFiles/zephyr.dir/subsys/ipc/ipc_service/lib/ipc_rpmsg.c.obj
[41/212] Building C object modules/nrf/subsys/mpsl/fem/CMakeFiles/..__nrf__subsys__mpsl__fem.dir/api_init/mpsl_fem_api_init.c.obj
[42/212] Building C object zephyr/drivers/pinctrl/CMakeFiles/drivers__pinctrl.dir/pinctrl_nrf.c.obj
[43/212] Building C object zephyr/CMakeFiles/zephyr.dir/lib/os/cbprintf_packaged.c.obj
[44/212] Building ASM object zephyr/arch/arch/arm/core/CMakeFiles/arch__arm__core.dir/nmi_on_reset.S.obj
[45/212] Building C object zephyr/CMakeFiles/zephyr.dir/lib/os/cbprintf_complete.c.obj
[46/212] Linking C static library modules\nrf\lib\multithreading_lock\lib..__nrf__lib__multithreading_lock.a
[47/212] Building C object zephyr/CMakeFiles/zephyr.dir/lib/utils/rb.c.obj
[48/212] Building C object zephyr/CMakeFiles/zephyr.dir/lib/utils/bitarray.c.obj
[49/212] Building C object zephyr/CMakeFiles/zephyr.dir/E_/nrf/subsys/bluetooth/hci_vs_sdc.c.obj
[50/212] Building C object zephyr/CMakeFiles/zephyr.dir/subsys/ipc/ipc_service/lib/ipc_static_vrings.c.obj
[51/212] Building ASM object zephyr/arch/arch/arm/core/cortex_m/CMakeFiles/arch__arm__core__cortex_m.dir/reset.S.obj
[52/212] Building C object modules/nrf/drivers/mpsl/clock_control/CMakeFiles/..__nrf__drivers__mpsl__clock_control.dir/nrfx_clock_mpsl.c.obj
[53/212] Building C object modules/nrf/subsys/bluetooth/controller/CMakeFiles/..__nrf__subsys__bluetooth__controller.dir/crypto.c.obj
[54/212] Building C object modules/nrf/subsys/bluetooth/controller/CMakeFiles/..__nrf__subsys__bluetooth__controller.dir/hci_internal_wrappers.c.obj
[55/212] Building ASM object zephyr/arch/arch/arm/core/cortex_m/CMakeFiles/arch__arm__core__cortex_m.dir/fault_s.S.obj
[56/212] Building C object zephyr/arch/common/CMakeFiles/isr_tables.dir/isr_tables.c.obj
[57/212] Building C object zephyr/CMakeFiles/zephyr.dir/subsys/ipc/ipc_service/ipc_service.c.obj
[58/212] Building C object zephyr/CMakeFiles/zephyr.dir/subsys/ipc/ipc_service/backends/ipc_rpmsg_static_vrings.c.obj
[59/212] Linking C static library zephyr\drivers\timer\libdrivers__timer.a
[60/212] Building ASM object zephyr/arch/arch/arm/core/cortex_m/CMakeFiles/arch__arm__core__cortex_m.dir/swap_helper.S.obj
[61/212] Building C object zephyr/arch/common/CMakeFiles/arch__common.dir/sw_isr_common.c.obj
[62/212] Building C object modules/nrf/subsys/mpsl/init/CMakeFiles/..__nrf__subsys__mpsl__init.dir/mpsl_init.c.obj
[63/212] Building C object zephyr/arch/arch/arm/core/CMakeFiles/arch__arm__core.dir/tls.c.obj
[64/212] Building C object zephyr/arch/arch/arm/core/CMakeFiles/arch__arm__core.dir/nmi.c.obj
[65/212] Building C object zephyr/arch/arch/arm/core/CMakeFiles/arch__arm__core.dir/fatal.c.obj
[66/212] Building ASM object zephyr/arch/arch/arm/core/cortex_m/CMakeFiles/arch__arm__core__cortex_m.dir/vector_table.S.obj
[67/212] Linking C static library modules\nrf\subsys\mpsl\fem\lib..__nrf__subsys__mpsl__fem.a
[68/212] Linking C static library zephyr\drivers\pinctrl\libdrivers__pinctrl.a
[69/212] Linking C static library modules\nrf\drivers\mpsl\clock_control\lib..__nrf__drivers__mpsl__clock_control.a
[70/212] Building C object zephyr/arch/arch/arm/core/cortex_m/CMakeFiles/arch__arm__core__cortex_m.dir/scb.c.obj
[71/212] Building C object zephyr/arch/arch/arm/core/cortex_m/CMakeFiles/arch__arm__core__cortex_m.dir/exc_exit.c.obj
[72/212] Building C object modules/nrf/subsys/bluetooth/controller/CMakeFiles/..__nrf__subsys__bluetooth__controller.dir/hci_internal.c.obj
[73/212] Building C object zephyr/arch/arch/arm/core/cortex_m/CMakeFiles/arch__arm__core__cortex_m.dir/fpu.c.obj
[74/212] Building C object zephyr/arch/arch/arm/core/cortex_m/CMakeFiles/arch__arm__core__cortex_m.dir/thread_abort.c.obj
[75/212] Linking C static library app\libapp.a
[76/212] Building C object zephyr/arch/arch/arm/core/cortex_m/CMakeFiles/arch__arm__core__cortex_m.dir/prep_c.c.obj
[77/212] Building C object zephyr/arch/arch/arm/core/cortex_m/CMakeFiles/arch__arm__core__cortex_m.dir/irq_manage.c.obj
[78/212] Building C object zephyr/arch/arch/arm/core/cortex_m/CMakeFiles/arch__arm__core__cortex_m.dir/irq_init.c.obj
[79/212] Building C object zephyr/arch/arch/arm/core/cortex_m/CMakeFiles/arch__arm__core__cortex_m.dir/fault.c.obj
[80/212] Building C object zephyr/arch/arch/arm/core/cortex_m/CMakeFiles/arch__arm__core__cortex_m.dir/isr_wrapper.c.obj
[81/212] Building C object zephyr/arch/arch/arm/core/cortex_m/CMakeFiles/arch__arm__core__cortex_m.dir/thread.c.obj
[82/212] Building ASM object zephyr/arch/arch/arm/core/cortex_m/CMakeFiles/arch__arm__core__cortex_m.dir/__aeabi_read_tp.S.obj
[83/212] Building C object zephyr/lib/libc/picolibc/CMakeFiles/lib__libc__picolibc.dir/assert.c.obj
[84/212] Linking C static library zephyr\arch\common\libisr_tables.a
[85/212] Linking C static library modules\nrf\subsys\mpsl\init\lib..__nrf__subsys__mpsl__init.a
[86/212] Building C object zephyr/arch/arch/arm/core/cortex_m/CMakeFiles/arch__arm__core__cortex_m.dir/cpu_idle.c.obj
[87/212] Building C object zephyr/lib/libc/picolibc/CMakeFiles/lib__libc__picolibc.dir/errno_wrap.c.obj
[88/212] Building C object zephyr/lib/libc/picolibc/CMakeFiles/lib__libc__picolibc.dir/chk_fail.c.obj
[89/212] Linking C static library modules\nrf\subsys\bluetooth\controller\lib..__nrf__subsys__bluetooth__controller.a
[90/212] Building C object zephyr/lib/libc/picolibc/CMakeFiles/lib__libc__picolibc.dir/cbprintf.c.obj
[91/212] Building C object zephyr/soc/soc/nrf5340/CMakeFiles/soc__nordic.dir/validate_binding_headers.c.obj
[92/212] Linking C static library zephyr\arch\arch\arm\core\libarch__arm__core.a
[93/212] Building C object zephyr/lib/libc/picolibc/CMakeFiles/lib__libc__picolibc.dir/locks.c.obj
[94/212] Building C object zephyr/lib/libc/picolibc/CMakeFiles/lib__libc__picolibc.dir/exit.c.obj
[95/212] Building C object zephyr/lib/libc/picolibc/CMakeFiles/lib__libc__picolibc.dir/stdio.c.obj
[96/212] Building C object zephyr/lib/libc/common/CMakeFiles/lib__libc__common.dir/source/stdlib/malloc.c.obj
[97/212] Building C object zephyr/lib/libc/common/CMakeFiles/lib__libc__common.dir/source/stdlib/abort.c.obj
[98/212] Building C object zephyr/arch/arch/arm/core/mpu/CMakeFiles/arch__arm__core__mpu.dir/arm_core_mpu.c.obj
[99/212] Linking C static library zephyr\libzephyr.a
[100/212] Building C object zephyr/subsys/bluetooth/common/CMakeFiles/subsys__bluetooth__common.dir/addr.c.obj
[101/212] Linking C static library zephyr\arch\common\libarch__common.a
[102/212] Building C object zephyr/arch/arch/arm/core/mpu/CMakeFiles/arch__arm__core__mpu.dir/arm_mpu_regions.c.obj
[103/212] Building C object zephyr/soc/soc/nrf5340/CMakeFiles/soc__nordic.dir/validate_enabled_instances.c.obj
[104/212] Building C object zephyr/arch/arch/arm/core/cortex_m/cmse/CMakeFiles/arch__arm__core__cortex_m__cmse.dir/arm_core_cmse.c.obj
[105/212] Building C object zephyr/subsys/random/CMakeFiles/subsys__random.dir/random_entropy_device.c.obj
[106/212] Building C object modules/hal_nordic/modules/hal_nordic/nrfx/CMakeFiles/modules__hal_nordic__nrfx.dir/E_/modules/hal/nordic/nrfx/mdk/system_nrf5340_network.c.obj
[107/212] Building C object zephyr/subsys/bluetooth/common/CMakeFiles/subsys__bluetooth__common.dir/dummy.c.obj
[108/212] Building C object zephyr/soc/soc/nrf5340/CMakeFiles/soc__nordic.dir/common/reboot.c.obj
[109/212] Building C object zephyr/lib/net_buf/CMakeFiles/lib__net_buf.dir/buf.c.obj
[110/212] Linking C static library zephyr\arch\arch\arm\core\cortex_m\libarch__arm__core__cortex_m.a
[111/212] Building C object zephyr/soc/soc/nrf5340/CMakeFiles/soc__nordic.dir/validate_base_addresses.c.obj
[112/212] Building C object zephyr/subsys/bluetooth/common/CMakeFiles/subsys__bluetooth__common.dir/bt_str.c.obj
[113/212] Building C object zephyr/drivers/console/CMakeFiles/drivers__console.dir/uart_console.c.obj
[114/212] Building C object zephyr/drivers/entropy/CMakeFiles/drivers__entropy.dir/entropy_nrf5.c.obj
[115/212] Building C object zephyr/arch/arch/arm/core/mpu/CMakeFiles/arch__arm__core__mpu.dir/arm_mpu.c.obj
[116/212] Building C object zephyr/subsys/bluetooth/host/CMakeFiles/subsys__bluetooth__host.dir/hci_common.c.obj
[117/212] Building C object modules/hal_nordic/modules/hal_nordic/nrfx/CMakeFiles/modules__hal_nordic__nrfx.dir/E_/modules/hal/nordic/nrfx/helpers/nrfx_flag32_allocator.c.obj
[118/212] Building C object zephyr/subsys/bluetooth/common/CMakeFiles/subsys__bluetooth__common.dir/rpa.c.obj
[119/212] Linking C static library zephyr\lib\libc\common\liblib__libc__common.a
[120/212] Linking C static library zephyr\lib\libc\picolibc\liblib__libc__picolibc.a
[121/212] Building C object zephyr/subsys/bluetooth/host/CMakeFiles/subsys__bluetooth__host.dir/hci_raw.c.obj
[122/212] Building C object modules/hal_nordic/modules/hal_nordic/nrfx/CMakeFiles/modules__hal_nordic__nrfx.dir/E_/modules/hal/nordic/nrfx/drivers/src/nrfx_ipc.c.obj
[123/212] Building C object zephyr/lib/net_buf/CMakeFiles/lib__net_buf.dir/buf_simple.c.obj
[124/212] Building C object modules/libmetal/libmetal/lib/CMakeFiles/metal.dir/version.c.obj
[125/212] Building C object modules/hal_nordic/modules/hal_nordic/nrfx/CMakeFiles/modules__hal_nordic__nrfx.dir/nrfx_glue.c.obj
[126/212] Linking C static library zephyr\arch\arch\arm\core\cortex_m\cmse\libarch__arm__core__cortex_m__cmse.a
[127/212] Building C object modules/hal_nordic/modules/hal_nordic/nrfx/CMakeFiles/modules__hal_nordic__nrfx.dir/E_/modules/hal/nordic/nrfx/helpers/nrfx_ram_ctrl.c.obj
[128/212] Linking C static library zephyr\subsys\random\libsubsys__random.a
[129/212] Building C object zephyr/drivers/clock_control/CMakeFiles/drivers__clock_control.dir/clock_control_nrf.c.obj
[130/212] Linking C static library zephyr\drivers\entropy\libdrivers__entropy.a
[131/212] Building C object modules/libmetal/libmetal/lib/CMakeFiles/metal.dir/shmem.c.obj
[132/212] Linking C static library zephyr\arch\arch\arm\core\mpu\libarch__arm__core__mpu.a
[133/212] Building C object modules/libmetal/libmetal/lib/CMakeFiles/metal.dir/dma.c.obj
[134/212] Building C object modules/libmetal/libmetal/lib/CMakeFiles/metal.dir/log.c.obj
[135/212] Building C object modules/libmetal/libmetal/lib/CMakeFiles/metal.dir/io.c.obj
[136/212] Building C object modules/libmetal/libmetal/lib/CMakeFiles/metal.dir/device.c.obj
[137/212] Building C object modules/open-amp/open-amp/lib/CMakeFiles/open_amp.dir/version.c.obj
[138/212] Building C object modules/libmetal/libmetal/lib/CMakeFiles/metal.dir/irq.c.obj
[139/212] Linking C static library zephyr\drivers\console\libdrivers__console.a
[140/212] Linking C static library zephyr\subsys\bluetooth\common\libsubsys__bluetooth__common.a
[141/212] Building C object modules/libmetal/libmetal/lib/CMakeFiles/metal.dir/system/zephyr/alloc.c.obj
[142/212] Building C object modules/libmetal/libmetal/lib/CMakeFiles/metal.dir/init.c.obj
[143/212] Building C object modules/libmetal/libmetal/lib/CMakeFiles/metal.dir/system/zephyr/time.c.obj
[144/212] Building C object modules/libmetal/libmetal/lib/CMakeFiles/metal.dir/system/zephyr/shmem.c.obj
[145/212] Linking C static library zephyr\subsys\bluetooth\host\libsubsys__bluetooth__host.a
[146/212] Building C object modules/libmetal/libmetal/lib/CMakeFiles/metal.dir/softirq.c.obj
[147/212] Building C object modules/libmetal/libmetal/lib/CMakeFiles/metal.dir/system/zephyr/log.c.obj
[148/212] Building C object modules/libmetal/libmetal/lib/CMakeFiles/metal.dir/system/zephyr/device.c.obj
[149/212] Building C object modules/libmetal/libmetal/lib/CMakeFiles/metal.dir/system/zephyr/sys.c.obj
[150/212] Linking C static library zephyr\lib\net_buf\liblib__net_buf.a
[151/212] Linking C static library zephyr\drivers\clock_control\libdrivers__clock_control.a
[152/212] Building C object modules/libmetal/libmetal/lib/CMakeFiles/metal.dir/system/zephyr/condition.c.obj
[153/212] Building C object modules/libmetal/libmetal/lib/CMakeFiles/metal.dir/system/zephyr/irq.c.obj
[154/212] Building C object modules/libmetal/libmetal/lib/CMakeFiles/metal.dir/system/zephyr/init.c.obj
[155/212] Building C object modules/hal_nordic/modules/hal_nordic/nrfx/CMakeFiles/modules__hal_nordic__nrfx.dir/E_/modules/hal/nordic/nrfx/helpers/nrfx_gppi_ppi.c.obj
[156/212] Building C object zephyr/kernel/CMakeFiles/kernel.dir/init_static.c.obj
[157/212] Building C object zephyr/kernel/CMakeFiles/kernel.dir/version.c.obj
[158/212] Building C object modules/open-amp/open-amp/lib/CMakeFiles/open_amp.dir/virtio/virtio.c.obj
[159/212] Building C object zephyr/kernel/CMakeFiles/kernel.dir/device.c.obj
[160/212] Building C object modules/open-amp/open-amp/lib/CMakeFiles/open_amp.dir/utils/utilities.c.obj
[161/212] Building C object zephyr/kernel/CMakeFiles/kernel.dir/busy_wait.c.obj
[162/212] Building C object zephyr/kernel/CMakeFiles/kernel.dir/main_weak.c.obj
[163/212] Building C object zephyr/kernel/CMakeFiles/kernel.dir/banner.c.obj
[164/212] Building C object modules/hal_nordic/modules/hal_nordic/nrfx/CMakeFiles/modules__hal_nordic__nrfx.dir/E_/modules/hal/nordic/nrfx/drivers/src/nrfx_dppi.c.obj
[165/212] Building C object modules/open-amp/open-amp/lib/CMakeFiles/open_amp.dir/virtio/virtqueue.c.obj
[166/212] Building C object modules/hal_nordic/modules/hal_nordic/nrfx/CMakeFiles/modules__hal_nordic__nrfx.dir/E_/modules/hal/nordic/nrfx/helpers/nrfx_gppi_dppi.c.obj
[167/212] Building C object modules/open-amp/open-amp/lib/CMakeFiles/open_amp.dir/rpmsg/rpmsg.c.obj
[168/212] Building C object zephyr/kernel/CMakeFiles/kernel.dir/system_work_q.c.obj
[169/212] Building C object zephyr/kernel/CMakeFiles/kernel.dir/float.c.obj
[170/212] Building C object modules/open-amp/open-amp/lib/CMakeFiles/open_amp.dir/remoteproc/rsc_table_parser.c.obj
[171/212] Building C object zephyr/kernel/CMakeFiles/kernel.dir/errno.c.obj
[172/212] Building C object zephyr/kernel/CMakeFiles/kernel.dir/fatal.c.obj
[173/212] Building C object zephyr/soc/soc/nrf5340/CMakeFiles/soc__nordic.dir/nrf53/soc.c.obj
[174/212] Building C object zephyr/kernel/CMakeFiles/kernel.dir/init.c.obj
[175/212] Building C object zephyr/kernel/CMakeFiles/kernel.dir/kheap.c.obj
[176/212] Building C object zephyr/kernel/CMakeFiles/kernel.dir/idle.c.obj
[177/212] Building C object zephyr/kernel/CMakeFiles/kernel.dir/sem.c.obj
[178/212] Building C object zephyr/kernel/CMakeFiles/kernel.dir/msg_q.c.obj
[179/212] Building C object zephyr/kernel/CMakeFiles/kernel.dir/mailbox.c.obj
[180/212] Building C object modules/open-amp/open-amp/lib/CMakeFiles/open_amp.dir/remoteproc/elf_loader.c.obj
[181/212] Building C object zephyr/kernel/CMakeFiles/kernel.dir/mem_slab.c.obj
[182/212] Building C object zephyr/kernel/CMakeFiles/kernel.dir/mutex.c.obj
[183/212] Building C object modules/open-amp/open-amp/lib/CMakeFiles/open_amp.dir/rpmsg/rpmsg_virtio.c.obj
[184/212] Building C object modules/open-amp/open-amp/lib/CMakeFiles/open_amp.dir/remoteproc/remoteproc_virtio.c.obj
[185/212] Linking C static library modules\libmetal\libmetal\lib\libmetal.a
[186/212] Building C object zephyr/kernel/CMakeFiles/kernel.dir/stack.c.obj
[187/212] Linking C static library zephyr\soc\soc\nrf5340\libsoc__nordic.a
[188/212] Building C object modules/open-amp/open-amp/lib/CMakeFiles/open_amp.dir/remoteproc/remoteproc.c.obj
[189/212] Linking C static library modules\hal_nordic\modules\hal_nordic\nrfx\libmodules__hal_nordic__nrfx.a
[190/212] Building C object zephyr/kernel/CMakeFiles/kernel.dir/priority_queues.c.obj
[191/212] Building C object zephyr/kernel/CMakeFiles/kernel.dir/condvar.c.obj
[192/212] Building C object zephyr/kernel/CMakeFiles/kernel.dir/dynamic_disabled.c.obj
[193/212] Building C object zephyr/kernel/CMakeFiles/kernel.dir/xip.c.obj
[194/212] Building C object zephyr/kernel/CMakeFiles/kernel.dir/queue.c.obj
[195/212] Building C object zephyr/kernel/CMakeFiles/kernel.dir/mempool.c.obj
[196/212] Linking C static library modules\open-amp\open-amp\lib\libopen_amp.a
[197/212] Building C object zephyr/kernel/CMakeFiles/kernel.dir/timeslicing.c.obj
[198/212] Building C object zephyr/kernel/CMakeFiles/kernel.dir/thread.c.obj
[199/212] Building C object zephyr/kernel/CMakeFiles/kernel.dir/timer.c.obj
[200/212] Building C object zephyr/kernel/CMakeFiles/kernel.dir/timeout.c.obj
[201/212] Building C object zephyr/kernel/CMakeFiles/kernel.dir/poll.c.obj
[202/212] Building C object zephyr/kernel/CMakeFiles/kernel.dir/work.c.obj
[203/212] Building C object zephyr/kernel/CMakeFiles/kernel.dir/sched.c.obj
[204/212] Building C object zephyr/drivers/serial/CMakeFiles/drivers__serial.dir/uart_nrfx_uarte.c.obj
[205/212] Linking C static library zephyr\kernel\libkernel.a
[206/212] Linking C static library zephyr\drivers\serial\libdrivers__serial.a
[207/212] Linking C executable zephyr\zephyr_pre0.elf
[208/212] Generating linker.cmd
[209/212] Generating isr_tables.c, isr_tables_vt.ld, isr_tables_swi.ld
[210/212] Building C object zephyr/CMakeFiles/zephyr_final.dir/misc/empty_file.c.obj
[211/212] Building C object zephyr/CMakeFiles/zephyr_final.dir/isr_tables.c.obj
[212/212] Linking C executable zephyr\zephyr.elf
Memory region         Used Size  Region Size  %age Used
           FLASH:      154872 B       256 KB     59.08%
             RAM:       41436 B        64 KB     63.23%
           SRAM1:          0 GB        64 KB      0.00%
        IDT_LIST:          0 GB        32 KB      0.00%
Generating files from E:/New_FirmIMU/build/ipc_radio/zephyr/zephyr.elf for board: openearable_v2
[15/20] Generating ../merged.hex
[17/20] No install step for 'ipc_radio'
[18/20] Completed 'ipc_radio'
[19/20] cmd.exe /C "cd /D E:\New_FirmIMU\build\_sysbuild && C:\ncs\toolchains\0b393f9e1b\opt\bin\cmake.exe -E true"
[20/20] Generating ../merged_CPUNET.hex
